Archive member included to satisfy reference by file (symbol)

/usr/lib/gcc/arm-none-eabi/8.3.1/thumb/v6-m/nofp/libgcc.a(_dvmd_tls.o)
                              CMakeFiles/led-with-for-delay.dir/home/philipp/Desktop/ITS_2020_BAC2_Microcntroller/02_Raspberry_Pi_Pico/pico-sdk/src/rp2_common/pico_divider/divider.S.obj (__aeabi_idiv0)
/usr/lib/gcc/arm-none-eabi/8.3.1/../../../arm-none-eabi/lib/thumb/v6-m/nofp/libc.a(lib_a-atexit.o)
                              /usr/lib/gcc/arm-none-eabi/8.3.1/../../../arm-none-eabi/lib/thumb/v6-m/nofp/crt0.o (atexit)
/usr/lib/gcc/arm-none-eabi/8.3.1/../../../arm-none-eabi/lib/thumb/v6-m/nofp/libc.a(lib_a-calloc.o)
                              CMakeFiles/led-with-for-delay.dir/home/philipp/Desktop/ITS_2020_BAC2_Microcntroller/02_Raspberry_Pi_Pico/pico-sdk/src/rp2_common/pico_malloc/pico_malloc.c.obj (calloc)
/usr/lib/gcc/arm-none-eabi/8.3.1/../../../arm-none-eabi/lib/thumb/v6-m/nofp/libc.a(lib_a-callocr.o)
                              /usr/lib/gcc/arm-none-eabi/8.3.1/../../../arm-none-eabi/lib/thumb/v6-m/nofp/libc.a(lib_a-calloc.o) (_calloc_r)
/usr/lib/gcc/arm-none-eabi/8.3.1/../../../arm-none-eabi/lib/thumb/v6-m/nofp/libc.a(lib_a-fini.o)
                              /usr/lib/gcc/arm-none-eabi/8.3.1/../../../arm-none-eabi/lib/thumb/v6-m/nofp/crt0.o (__libc_fini_array)
/usr/lib/gcc/arm-none-eabi/8.3.1/../../../arm-none-eabi/lib/thumb/v6-m/nofp/libc.a(lib_a-impure.o)
                              /usr/lib/gcc/arm-none-eabi/8.3.1/../../../arm-none-eabi/lib/thumb/v6-m/nofp/libc.a(lib_a-calloc.o) (_impure_ptr)
/usr/lib/gcc/arm-none-eabi/8.3.1/../../../arm-none-eabi/lib/thumb/v6-m/nofp/libc.a(lib_a-init.o)
                              /usr/lib/gcc/arm-none-eabi/8.3.1/../../../arm-none-eabi/lib/thumb/v6-m/nofp/crt0.o (__libc_init_array)
/usr/lib/gcc/arm-none-eabi/8.3.1/../../../arm-none-eabi/lib/thumb/v6-m/nofp/libc.a(lib_a-malloc.o)
                              CMakeFiles/led-with-for-delay.dir/home/philipp/Desktop/ITS_2020_BAC2_Microcntroller/02_Raspberry_Pi_Pico/pico-sdk/src/rp2_common/pico_malloc/pico_malloc.c.obj (malloc)
/usr/lib/gcc/arm-none-eabi/8.3.1/../../../arm-none-eabi/lib/thumb/v6-m/nofp/libc.a(lib_a-mallocr.o)
                              /usr/lib/gcc/arm-none-eabi/8.3.1/../../../arm-none-eabi/lib/thumb/v6-m/nofp/libc.a(lib_a-callocr.o) (_malloc_r)
/usr/lib/gcc/arm-none-eabi/8.3.1/../../../arm-none-eabi/lib/thumb/v6-m/nofp/libc.a(lib_a-mlock.o)
                              /usr/lib/gcc/arm-none-eabi/8.3.1/../../../arm-none-eabi/lib/thumb/v6-m/nofp/libc.a(lib_a-mallocr.o) (__malloc_lock)
/usr/lib/gcc/arm-none-eabi/8.3.1/../../../arm-none-eabi/lib/thumb/v6-m/nofp/libc.a(lib_a-realloc.o)
                              CMakeFiles/led-with-for-delay.dir/home/philipp/Desktop/ITS_2020_BAC2_Microcntroller/02_Raspberry_Pi_Pico/pico-sdk/src/rp2_common/pico_malloc/pico_malloc.c.obj (realloc)
/usr/lib/gcc/arm-none-eabi/8.3.1/../../../arm-none-eabi/lib/thumb/v6-m/nofp/libc.a(lib_a-reallocr.o)
                              /usr/lib/gcc/arm-none-eabi/8.3.1/../../../arm-none-eabi/lib/thumb/v6-m/nofp/libc.a(lib_a-realloc.o) (_realloc_r)
/usr/lib/gcc/arm-none-eabi/8.3.1/../../../arm-none-eabi/lib/thumb/v6-m/nofp/libc.a(lib_a-sbrkr.o)
                              /usr/lib/gcc/arm-none-eabi/8.3.1/../../../arm-none-eabi/lib/thumb/v6-m/nofp/libc.a(lib_a-mallocr.o) (_sbrk_r)
/usr/lib/gcc/arm-none-eabi/8.3.1/../../../arm-none-eabi/lib/thumb/v6-m/nofp/libc.a(lib_a-strlen-stub.o)
                              CMakeFiles/led-with-for-delay.dir/home/philipp/Desktop/ITS_2020_BAC2_Microcntroller/02_Raspberry_Pi_Pico/pico-sdk/src/rp2_common/pico_stdio/stdio.c.obj (strlen)
/usr/lib/gcc/arm-none-eabi/8.3.1/../../../arm-none-eabi/lib/thumb/v6-m/nofp/libc.a(lib_a-__atexit.o)
                              /usr/lib/gcc/arm-none-eabi/8.3.1/../../../arm-none-eabi/lib/thumb/v6-m/nofp/libc.a(lib_a-atexit.o) (__register_exitproc)
/usr/lib/gcc/arm-none-eabi/8.3.1/../../../arm-none-eabi/lib/thumb/v6-m/nofp/libc.a(lib_a-freer.o)
                              /usr/lib/gcc/arm-none-eabi/8.3.1/../../../arm-none-eabi/lib/thumb/v6-m/nofp/libc.a(lib_a-malloc.o) (_free_r)
/usr/lib/gcc/arm-none-eabi/8.3.1/../../../arm-none-eabi/lib/thumb/v6-m/nofp/libc.a(lib_a-memmove.o)
                              /usr/lib/gcc/arm-none-eabi/8.3.1/../../../arm-none-eabi/lib/thumb/v6-m/nofp/libc.a(lib_a-reallocr.o) (memmove)
/usr/lib/gcc/arm-none-eabi/8.3.1/../../../arm-none-eabi/lib/thumb/v6-m/nofp/libc.a(lib_a-reent.o)
                              /usr/lib/gcc/arm-none-eabi/8.3.1/../../../arm-none-eabi/lib/thumb/v6-m/nofp/libc.a(lib_a-sbrkr.o) (errno)

Allocating common symbols
Common symbol       size              file

sf_table            0x100             CMakeFiles/led-with-for-delay.dir/home/philipp/Desktop/ITS_2020_BAC2_Microcntroller/02_Raspberry_Pi_Pico/pico-sdk/src/rp2_common/pico_float/float_init_rom.c.obj
[...]
Memory Configuration

Name             Origin             Length             Attributes
FLASH            0x10000000         0x00200000         xr
RAM              0x20000000         0x00040000         xrw
SCRATCH_X        0x20040000         0x00001000         xrw
SCRATCH_Y        0x20041000         0x00001000         xrw
*default*        0x00000000         0xffffffff

Linker script and memory map

LOAD /usr/lib/gcc/arm-none-eabi/8.3.1/thumb/v6-m/nofp/crti.o
LOAD /usr/lib/gcc/arm-none-eabi/8.3.1/thumb/v6-m/nofp/crtbegin.o
LOAD /usr/lib/gcc/arm-none-eabi/8.3.1/../../../arm-none-eabi/lib/thumb/v6-m/nofp/crt0.o

.flash_begin    0x10000000        0x0
                0x10000000                __flash_binary_start = .

.boot2          0x10000000      0x100
                0x10000000                __boot2_start__ = .
 *(.boot2)
 .boot2         0x10000000      0x100 /tmp/ccyDF8it.o
                0x10000100                __boot2_end__ = .
                0x00000001                ASSERT (((__boot2_end__ - __boot2_start__) == 0x100), ERROR: Pico second stage bootloader must be 256 bytes in size)

.text           0x10000100     0x4c40
                0x10000100                __logical_binary_start = .
 *(.vectors)
 .vectors       0x10000100       0xd4 CMakeFiles/led-with-for-delay.dir/home/philipp/Desktop/ITS_2020_BAC2_Microcntroller/02_Raspberry_Pi_Pico/pico-sdk/src/rp2_common/pico_standard_link/crt0.S.obj
                0x10000100                __vectors
                0x10000100                __VECTOR_TABLE
                0x100001c0                isr_invalid
                0x100001c0                __default_isrs_start
                0x100001c2                isr_nmi
                0x100001c4                isr_hardfault
                0x100001c6                isr_svcall
                0x100001c8                isr_pendsv
                0x100001ca                isr_systick
                0x100001cc                isr_irq30
                0x100001cc                __unhandled_user_irq
                0x100001cc                isr_irq13
                0x100001cc                isr_irq27
                0x100001cc                isr_irq31
                0x100001cc                isr_irq5
                0x100001cc                isr_irq11
                0x100001cc                isr_irq23
                0x100001cc                isr_irq18
                0x100001cc                isr_irq28
                0x100001cc                isr_irq19
                0x100001cc                isr_irq0
                0x100001cc                isr_irq6
                0x100001cc                isr_irq22
                0x100001cc                isr_irq17
                0x100001cc                isr_irq14
                0x100001cc                isr_irq2
                0x100001cc                isr_irq10
                0x100001cc                isr_irq8
                0x100001cc                isr_irq24
                0x100001cc                isr_irq1
                0x100001cc                isr_irq7
                0x100001cc                isr_irq21
                0x100001cc                isr_irq20
                0x100001cc                isr_irq15
                0x100001cc                isr_irq25
                0x100001cc                isr_irq4
                0x100001cc                isr_irq16
                0x100001cc                isr_irq29
                0x100001cc                isr_irq26
                0x100001cc                __default_isrs_end
                0x100001cc                isr_irq3
                0x100001cc                isr_irq12
                0x100001cc                isr_irq9
                0x100001d2                unhandled_user_irq_num_in_r0
 *(.binary_info_header)
 .binary_info_header
                0x100001d4       0x14 CMakeFiles/led-with-for-delay.dir/home/philipp/Desktop/ITS_2020_BAC2_Microcntroller/02_Raspberry_Pi_Pico/pico-sdk/src/rp2_common/pico_standard_link/crt0.S.obj
                0x100001e8                __binary_info_header_end = .
 *(.reset)
 .reset         0x100001e8       0xa0 CMakeFiles/led-with-for-delay.dir/home/philipp/Desktop/ITS_2020_BAC2_Microcntroller/02_Raspberry_Pi_Pico/pico-sdk/src/rp2_common/pico_standard_link/crt0.S.obj
                0x100001e8                _entry_point
 .reset         0x10000288       0x30 CMakeFiles/led-with-for-delay.dir/home/philipp/Desktop/ITS_2020_BAC2_Microcntroller/02_Raspberry_Pi_Pico/pico-sdk/src/rp2_common/pico_standard_link/binary_info.c.obj
 *(.init)
 .init          0x100002b8        0x4 /usr/lib/gcc/arm-none-eabi/8.3.1/thumb/v6-m/nofp/crti.o
                0x100002b8                _init
 *(EXCLUDE_FILE(*libm.a: *libc.a:*lib_a-mem*.o *libgcc.a:) .text*)
 .text          0x100002bc       0x98 /usr/lib/gcc/arm-none-eabi/8.3.1/thumb/v6-m/nofp/crtbegin.o
 .text.startup.main
                0x10000354       0x38 CMakeFiles/led-with-for-delay.dir/led-with-for-delay.c.obj
                0x10000354                main
 .text.gpio_set_function
                0x1000038c       0x30 CMakeFiles/led-with-for-delay.dir/home/philipp/Desktop/ITS_2020_BAC2_Microcntroller/02_Raspberry_Pi_Pico/pico-sdk/src/rp2_common/hardware_gpio/gpio.c.obj
                0x1000038c                gpio_set_function
 .text.gpio_init
                0x100003bc       0x3c CMakeFiles/led-with-for-delay.dir/home/philipp/Desktop/ITS_2020_BAC2_Microcntroller/02_Raspberry_Pi_Pico/pico-sdk/src/rp2_common/hardware_gpio/gpio.c.obj
                0x100003bc                gpio_init
 .text.running_on_fpga
                0x100003f8       0x10 CMakeFiles/led-with-for-delay.dir/home/philipp/Desktop/ITS_2020_BAC2_Microcntroller/02_Raspberry_Pi_Pico/pico-sdk/src/rp2_common/pico_platform/platform.c.obj
                0x100003f8                running_on_fpga
 .text.hw_claim_or_assert
                0x10000408       0x44 CMakeFiles/led-with-for-delay.dir/home/philipp/Desktop/ITS_2020_BAC2_Microcntroller/02_Raspberry_Pi_Pico/pico-sdk/src/rp2_common/hardware_claim/claim.c.obj
                0x10000408                hw_claim_or_assert
 .text.hw_claim_unused_from_range
                0x1000044c       0x9c CMakeFiles/led-with-for-delay.dir/home/philipp/Desktop/ITS_2020_BAC2_Microcntroller/02_Raspberry_Pi_Pico/pico-sdk/src/rp2_common/hardware_claim/claim.c.obj
                0x1000044c                hw_claim_unused_from_range
 .text.spin_locks_reset
                0x100004e8       0x1c CMakeFiles/led-with-for-delay.dir/home/philipp/Desktop/ITS_2020_BAC2_Microcntroller/02_Raspberry_Pi_Pico/pico-sdk/src/rp2_common/hardware_sync/sync.c.obj
                0x100004e8                spin_locks_reset
 .text.next_striped_spin_lock_num
                0x10000504       0x18 CMakeFiles/led-with-for-delay.dir/home/philipp/Desktop/ITS_2020_BAC2_Microcntroller/02_Raspberry_Pi_Pico/pico-sdk/src/rp2_common/hardware_sync/sync.c.obj
                0x10000504                next_striped_spin_lock_num
 .text.spin_lock_claim_unused
                0x1000051c       0x20 CMakeFiles/led-with-for-delay.dir/home/philipp/Desktop/ITS_2020_BAC2_Microcntroller/02_Raspberry_Pi_Pico/pico-sdk/src/rp2_common/hardware_sync/sync.c.obj
                0x1000051c                spin_lock_claim_unused
 .text.irq_set_enabled
                0x1000053c       0x24 CMakeFiles/led-with-for-delay.dir/home/philipp/Desktop/ITS_2020_BAC2_Microcntroller/02_Raspberry_Pi_Pico/pico-sdk/src/rp2_common/hardware_irq/irq.c.obj
                0x1000053c                irq_set_enabled
 .text.irq_set_pending
                0x10000560       0x10 CMakeFiles/led-with-for-delay.dir/home/philipp/Desktop/ITS_2020_BAC2_Microcntroller/02_Raspberry_Pi_Pico/pico-sdk/src/rp2_common/hardware_irq/irq.c.obj
                0x10000560                irq_set_pending
 .text.irq_has_shared_handler
                0x10000570       0x2c CMakeFiles/led-with-for-delay.dir/home/philipp/Desktop/ITS_2020_BAC2_Microcntroller/02_Raspberry_Pi_Pico/pico-sdk/src/rp2_common/hardware_irq/irq.c.obj
                0x10000570                irq_has_shared_handler
 .text.irq_get_vtable_handler
                0x1000059c       0x10 CMakeFiles/led-with-for-delay.dir/home/philipp/Desktop/ITS_2020_BAC2_Microcntroller/02_Raspberry_Pi_Pico/pico-sdk/src/rp2_common/hardware_irq/irq.c.obj
                0x1000059c                irq_get_vtable_handler
 .text.irq_set_exclusive_handler
                0x100005ac       0x54 CMakeFiles/led-with-for-delay.dir/home/philipp/Desktop/ITS_2020_BAC2_Microcntroller/02_Raspberry_Pi_Pico/pico-sdk/src/rp2_common/hardware_irq/irq.c.obj
                0x100005ac                irq_set_exclusive_handler
 .text.irq_add_shared_handler
                0x10000600      0x1c8 CMakeFiles/led-with-for-delay.dir/home/philipp/Desktop/ITS_2020_BAC2_Microcntroller/02_Raspberry_Pi_Pico/pico-sdk/src/rp2_common/hardware_irq/irq.c.obj
                0x10000600                irq_add_shared_handler
 .text.irq_remove_handler
                0x100007c8      0x1b0 CMakeFiles/led-with-for-delay.dir/home/philipp/Desktop/ITS_2020_BAC2_Microcntroller/02_Raspberry_Pi_Pico/pico-sdk/src/rp2_common/hardware_irq/irq.c.obj
                0x100007c8                irq_remove_handler
 .text.irq_add_tail_to_free_list
                0x10000978       0xb4 CMakeFiles/led-with-for-delay.dir/home/philipp/Desktop/ITS_2020_BAC2_Microcntroller/02_Raspberry_Pi_Pico/pico-sdk/src/rp2_common/hardware_irq/irq.c.obj
                0x10000978                irq_add_tail_to_free_list
 .text.irq_init_priorities
                0x10000a2c       0x24 CMakeFiles/led-with-for-delay.dir/home/philipp/Desktop/ITS_2020_BAC2_Microcntroller/02_Raspberry_Pi_Pico/pico-sdk/src/rp2_common/hardware_irq/irq.c.obj
                0x10000a2c                irq_init_priorities
 .text.user_irq_claim_unused
                0x10000a50       0x28 CMakeFiles/led-with-for-delay.dir/home/philipp/Desktop/ITS_2020_BAC2_Microcntroller/02_Raspberry_Pi_Pico/pico-sdk/src/rp2_common/hardware_irq/irq.c.obj
                0x10000a50                user_irq_claim_unused
 .text.lock_init
                0x10000a78       0x10 CMakeFiles/led-with-for-delay.dir/home/philipp/Desktop/ITS_2020_BAC2_Microcntroller/02_Raspberry_Pi_Pico/pico-sdk/src/common/pico_sync/lock_core.c.obj
                0x10000a78                lock_init
 .text.mutex_init
                0x10000a88       0x1c CMakeFiles/led-with-for-delay.dir/home/philipp/Desktop/ITS_2020_BAC2_Microcntroller/02_Raspberry_Pi_Pico/pico-sdk/src/common/pico_sync/mutex.c.obj
                0x10000a88                mutex_init
 .text.recursive_mutex_init
                0x10000aa4       0x1c CMakeFiles/led-with-for-delay.dir/home/philipp/Desktop/ITS_2020_BAC2_Microcntroller/02_Raspberry_Pi_Pico/pico-sdk/src/common/pico_sync/mutex.c.obj
                0x10000aa4                recursive_mutex_init
 .text.critical_section_init
                0x10000ac0       0x20 CMakeFiles/led-with-for-delay.dir/home/philipp/Desktop/ITS_2020_BAC2_Microcntroller/02_Raspberry_Pi_Pico/pico-sdk/src/common/pico_sync/critical_section.c.obj
                0x10000ac0                critical_section_init
 .text.critical_section_init_with_lock_num
                0x10000ae0       0x14 CMakeFiles/led-with-for-delay.dir/home/philipp/Desktop/ITS_2020_BAC2_Microcntroller/02_Raspberry_Pi_Pico/pico-sdk/src/common/pico_sync/critical_section.c.obj
                0x10000ae0                critical_section_init_with_lock_num
 .text.ph_merge_nodes
                0x10000af4       0x5c CMakeFiles/led-with-for-delay.dir/home/philipp/Desktop/ITS_2020_BAC2_Microcntroller/02_Raspberry_Pi_Pico/pico-sdk/src/common/pico_time/time.c.obj
 .text.timer_pool_entry_comparator
                0x10000b50       0x34 CMakeFiles/led-with-for-delay.dir/home/philipp/Desktop/ITS_2020_BAC2_Microcntroller/02_Raspberry_Pi_Pico/pico-sdk/src/common/pico_time/time.c.obj
                0x10000b50                timer_pool_entry_comparator
 .text.sleep_until_callback
                0x10000b84       0x30 CMakeFiles/led-with-for-delay.dir/home/philipp/Desktop/ITS_2020_BAC2_Microcntroller/02_Raspberry_Pi_Pico/pico-sdk/src/common/pico_time/time.c.obj
 .text.add_alarm_under_lock
                0x10000bb4       0xbc CMakeFiles/led-with-for-delay.dir/home/philipp/Desktop/ITS_2020_BAC2_Microcntroller/02_Raspberry_Pi_Pico/pico-sdk/src/common/pico_time/time.c.obj
 .text.alarm_pool_alarm_callback
                0x10000c70      0x1bc CMakeFiles/led-with-for-delay.dir/home/philipp/Desktop/ITS_2020_BAC2_Microcntroller/02_Raspberry_Pi_Pico/pico-sdk/src/common/pico_time/time.c.obj
 .text.alarm_pool_init_default
                0x10000e2c       0x6c CMakeFiles/led-with-for-delay.dir/home/philipp/Desktop/ITS_2020_BAC2_Microcntroller/02_Raspberry_Pi_Pico/pico-sdk/src/common/pico_time/time.c.obj
                0x10000e2c                alarm_pool_init_default
 .text.alarm_pool_get_default
                0x10000e98        0x8 CMakeFiles/led-with-for-delay.dir/home/philipp/Desktop/ITS_2020_BAC2_Microcntroller/02_Raspberry_Pi_Pico/pico-sdk/src/common/pico_time/time.c.obj
                0x10000e98                alarm_pool_get_default
 .text.alarm_pool_add_alarm_at
                0x10000ea0      0x140 CMakeFiles/led-with-for-delay.dir/home/philipp/Desktop/ITS_2020_BAC2_Microcntroller/02_Raspberry_Pi_Pico/pico-sdk/src/common/pico_time/time.c.obj
                0x10000ea0                alarm_pool_add_alarm_at
 .text.alarm_pool_cancel_alarm
                0x10000fe0       0x70 CMakeFiles/led-with-for-delay.dir/home/philipp/Desktop/ITS_2020_BAC2_Microcntroller/02_Raspberry_Pi_Pico/pico-sdk/src/common/pico_time/time.c.obj
                0x10000fe0                alarm_pool_cancel_alarm
 .text.alarm_pool_core_num
                0x10001050        0x4 CMakeFiles/led-with-for-delay.dir/home/philipp/Desktop/ITS_2020_BAC2_Microcntroller/02_Raspberry_Pi_Pico/pico-sdk/src/common/pico_time/time.c.obj
                0x10001050                alarm_pool_core_num
 .text.sleep_until
                0x10001054       0xc4 CMakeFiles/led-with-for-delay.dir/home/philipp/Desktop/ITS_2020_BAC2_Microcntroller/02_Raspberry_Pi_Pico/pico-sdk/src/common/pico_time/time.c.obj
                0x10001054                sleep_until
 .text.sleep_ms
                0x10001118       0x34 CMakeFiles/led-with-for-delay.dir/home/philipp/Desktop/ITS_2020_BAC2_Microcntroller/02_Raspberry_Pi_Pico/pico-sdk/src/common/pico_time/time.c.obj
                0x10001118                sleep_ms
 .text.best_effort_wfe_or_timeout
                0x1000114c       0x60 CMakeFiles/led-with-for-delay.dir/home/philipp/Desktop/ITS_2020_BAC2_Microcntroller/02_Raspberry_Pi_Pico/pico-sdk/src/common/pico_time/time.c.obj
                0x1000114c                best_effort_wfe_or_timeout
 .text.hardware_alarm_irq_handler
                0x100011ac       0xb4 CMakeFiles/led-with-for-delay.dir/home/philipp/Desktop/ITS_2020_BAC2_Microcntroller/02_Raspberry_Pi_Pico/pico-sdk/src/rp2_common/hardware_timer/timer.c.obj
 .text.hardware_alarm_claim
                0x10001260       0x18 CMakeFiles/led-with-for-delay.dir/home/philipp/Desktop/ITS_2020_BAC2_Microcntroller/02_Raspberry_Pi_Pico/pico-sdk/src/rp2_common/hardware_timer/timer.c.obj
                0x10001260                hardware_alarm_claim
 .text.time_us_64
                0x10001278       0x18 CMakeFiles/led-with-for-delay.dir/home/philipp/Desktop/ITS_2020_BAC2_Microcntroller/02_Raspberry_Pi_Pico/pico-sdk/src/rp2_common/hardware_timer/timer.c.obj
                0x10001278                time_us_64
 .text.busy_wait_until
                0x10001290       0x20 CMakeFiles/led-with-for-delay.dir/home/philipp/Desktop/ITS_2020_BAC2_Microcntroller/02_Raspberry_Pi_Pico/pico-sdk/src/rp2_common/hardware_timer/timer.c.obj
                0x10001290                busy_wait_until
 .text.hardware_alarm_set_callback
                0x100012b0       0x8c CMakeFiles/led-with-for-delay.dir/home/philipp/Desktop/ITS_2020_BAC2_Microcntroller/02_Raspberry_Pi_Pico/pico-sdk/src/rp2_common/hardware_timer/timer.c.obj
                0x100012b0                hardware_alarm_set_callback
 .text.hardware_alarm_set_target
                0x1000133c       0xe8 CMakeFiles/led-with-for-delay.dir/home/philipp/Desktop/ITS_2020_BAC2_Microcntroller/02_Raspberry_Pi_Pico/pico-sdk/src/rp2_common/hardware_timer/timer.c.obj
                0x1000133c                hardware_alarm_set_target
 .text.hardware_alarm_cancel
                0x10001424       0x40 CMakeFiles/led-with-for-delay.dir/home/philipp/Desktop/ITS_2020_BAC2_Microcntroller/02_Raspberry_Pi_Pico/pico-sdk/src/rp2_common/hardware_timer/timer.c.obj
                0x10001424                hardware_alarm_cancel
 .text.ph_merge_nodes
                0x10001464       0x5c CMakeFiles/led-with-for-delay.dir/home/philipp/Desktop/ITS_2020_BAC2_Microcntroller/02_Raspberry_Pi_Pico/pico-sdk/src/common/pico_util/pheap.c.obj
 .text.ph_post_alloc_init
                0x100014c0      0x1b8 CMakeFiles/led-with-for-delay.dir/home/philipp/Desktop/ITS_2020_BAC2_Microcntroller/02_Raspberry_Pi_Pico/pico-sdk/src/common/pico_util/pheap.c.obj
                0x100014c0                ph_post_alloc_init
 .text.ph_merge_two_pass
                0x10001678       0x4c CMakeFiles/led-with-for-delay.dir/home/philipp/Desktop/ITS_2020_BAC2_Microcntroller/02_Raspberry_Pi_Pico/pico-sdk/src/common/pico_util/pheap.c.obj
                0x10001678                ph_merge_two_pass
 .text.ph_remove_any_head
                0x100016c4      0x1c0 CMakeFiles/led-with-for-delay.dir/home/philipp/Desktop/ITS_2020_BAC2_Microcntroller/02_Raspberry_Pi_Pico/pico-sdk/src/common/pico_util/pheap.c.obj
 .text.ph_remove_head
                0x10001884      0x1c4 CMakeFiles/led-with-for-delay.dir/home/philipp/Desktop/ITS_2020_BAC2_Microcntroller/02_Raspberry_Pi_Pico/pico-sdk/src/common/pico_util/pheap.c.obj
                0x10001884                ph_remove_head
 .text.ph_remove_and_free_node
                0x10001a48       0x7c CMakeFiles/led-with-for-delay.dir/home/philipp/Desktop/ITS_2020_BAC2_Microcntroller/02_Raspberry_Pi_Pico/pico-sdk/src/common/pico_util/pheap.c.obj
                0x10001a48                ph_remove_and_free_node
 .text.uart_init
                0x10001ac4       0xe4 CMakeFiles/led-with-for-delay.dir/home/philipp/Desktop/ITS_2020_BAC2_Microcntroller/02_Raspberry_Pi_Pico/pico-sdk/src/rp2_common/hardware_uart/uart.c.obj
                0x10001ac4                uart_init
 .text.clocks_init
                0x10001ba8      0x2c0 CMakeFiles/led-with-for-delay.dir/home/philipp/Desktop/ITS_2020_BAC2_Microcntroller/02_Raspberry_Pi_Pico/pico-sdk/src/rp2_common/hardware_clocks/clocks.c.obj
                0x10001ba8                clocks_init
 .text.clock_get_hz
                0x10001e68        0xc CMakeFiles/led-with-for-delay.dir/home/philipp/Desktop/ITS_2020_BAC2_Microcntroller/02_Raspberry_Pi_Pico/pico-sdk/src/rp2_common/hardware_clocks/clocks.c.obj
                0x10001e68                clock_get_hz
 .text.pll_init
                0x10001e74       0xa8 CMakeFiles/led-with-for-delay.dir/home/philipp/Desktop/ITS_2020_BAC2_Microcntroller/02_Raspberry_Pi_Pico/pico-sdk/src/rp2_common/hardware_pll/pll.c.obj
                0x10001e74                pll_init
 .text.watchdog_start_tick
                0x10001f1c       0x10 CMakeFiles/led-with-for-delay.dir/home/philipp/Desktop/ITS_2020_BAC2_Microcntroller/02_Raspberry_Pi_Pico/pico-sdk/src/rp2_common/hardware_watchdog/watchdog.c.obj
                0x10001f1c                watchdog_start_tick
 .text.watchdog_reboot
                0x10001f2c       0x98 CMakeFiles/led-with-for-delay.dir/home/philipp/Desktop/ITS_2020_BAC2_Microcntroller/02_Raspberry_Pi_Pico/pico-sdk/src/rp2_common/hardware_watchdog/watchdog.c.obj
                0x10001f2c                watchdog_reboot
 .text.xosc_init
                0x10001fc4       0x28 CMakeFiles/led-with-for-delay.dir/home/philipp/Desktop/ITS_2020_BAC2_Microcntroller/02_Raspberry_Pi_Pico/pico-sdk/src/rp2_common/hardware_xosc/xosc.c.obj
                0x10001fc4                xosc_init
 .text.runtime_init
                0x10001fec       0xf4 CMakeFiles/led-with-for-delay.dir/home/philipp/Desktop/ITS_2020_BAC2_Microcntroller/02_Raspberry_Pi_Pico/pico-sdk/src/rp2_common/pico_runtime/runtime.c.obj
                0x10001fec                runtime_init
 .text._exit    0x100020e0        0x4 CMakeFiles/led-with-for-delay.dir/home/philipp/Desktop/ITS_2020_BAC2_Microcntroller/02_Raspberry_Pi_Pico/pico-sdk/src/rp2_common/pico_runtime/runtime.c.obj
                0x100020e0                _exit
 .text.exit     0x100020e4        0x8 CMakeFiles/led-with-for-delay.dir/home/philipp/Desktop/ITS_2020_BAC2_Microcntroller/02_Raspberry_Pi_Pico/pico-sdk/src/rp2_common/pico_runtime/runtime.c.obj
                0x100020e4                exit
 .text.panic    0x100020ec       0x30 CMakeFiles/led-with-for-delay.dir/home/philipp/Desktop/ITS_2020_BAC2_Microcntroller/02_Raspberry_Pi_Pico/pico-sdk/src/rp2_common/pico_runtime/runtime.c.obj
                0x100020ec                panic
 .text.hard_assertion_failure
                0x1000211c        0xc CMakeFiles/led-with-for-delay.dir/home/philipp/Desktop/ITS_2020_BAC2_Microcntroller/02_Raspberry_Pi_Pico/pico-sdk/src/rp2_common/pico_runtime/runtime.c.obj
                0x1000211c                hard_assertion_failure
 .text._out_char
                0x10002128       0x10 CMakeFiles/led-with-for-delay.dir/home/philipp/Desktop/ITS_2020_BAC2_Microcntroller/02_Raspberry_Pi_Pico/pico-sdk/src/rp2_common/pico_printf/printf.c.obj
 .text.weak_raw_vprintf
                0x10002138       0x30 CMakeFiles/led-with-for-delay.dir/home/philipp/Desktop/ITS_2020_BAC2_Microcntroller/02_Raspberry_Pi_Pico/pico-sdk/src/rp2_common/pico_printf/printf.c.obj
                0x10002138                weak_raw_vprintf
 .text          0x10002168       0x10 CMakeFiles/led-with-for-delay.dir/home/philipp/Desktop/ITS_2020_BAC2_Microcntroller/02_Raspberry_Pi_Pico/pico-sdk/src/rp2_common/pico_bit_ops/bit_ops_aeabi.S.obj
 .text.rom_func_lookup
                0x10002178       0x10 CMakeFiles/led-with-for-delay.dir/home/philipp/Desktop/ITS_2020_BAC2_Microcntroller/02_Raspberry_Pi_Pico/pico-sdk/src/rp2_common/pico_bootrom/bootrom.c.obj
                0x10002178                rom_func_lookup
 .text.rom_data_lookup
                0x10002188       0x10 CMakeFiles/led-with-for-delay.dir/home/philipp/Desktop/ITS_2020_BAC2_Microcntroller/02_Raspberry_Pi_Pico/pico-sdk/src/rp2_common/pico_bootrom/bootrom.c.obj
                0x10002188                rom_data_lookup
 .text.rom_funcs_lookup
                0x10002198       0x3c CMakeFiles/led-with-for-delay.dir/home/philipp/Desktop/ITS_2020_BAC2_Microcntroller/02_Raspberry_Pi_Pico/pico-sdk/src/rp2_common/pico_bootrom/bootrom.c.obj
                0x10002198                rom_funcs_lookup
 .text.__wrap___aeabi_uidiv
                0x100021d4       0x4c CMakeFiles/led-with-for-delay.dir/home/philipp/Desktop/ITS_2020_BAC2_Microcntroller/02_Raspberry_Pi_Pico/pico-sdk/src/rp2_common/pico_divider/divider.S.obj
                0x100021d4                __wrap___aeabi_uidiv
                0x100021d4                __wrap___aeabi_uidivmod
                0x100021d4                div_u32u32
                0x100021d4                divmod_u32u32
                0x100021dc                divmod_u32u32_unsafe
                0x10002204                divmod_u32u32_savestate
 .text.__aeabi_double_init
                0x10002220       0xbc CMakeFiles/led-with-for-delay.dir/home/philipp/Desktop/ITS_2020_BAC2_Microcntroller/02_Raspberry_Pi_Pico/pico-sdk/src/rp2_common/pico_double/double_init_rom.c.obj
                0x10002220                __aeabi_double_init
 .text.double_table_shim_on_use_helper
                0x100022dc       0x2c CMakeFiles/led-with-for-delay.dir/home/philipp/Desktop/ITS_2020_BAC2_Microcntroller/02_Raspberry_Pi_Pico/pico-sdk/src/rp2_common/pico_double/double_v1_rom_shim.S.obj
                0x100022dc                double_table_shim_on_use_helper
 .text.__aeabi_lmul
                0x10002308       0x32 CMakeFiles/led-with-for-delay.dir/home/philipp/Desktop/ITS_2020_BAC2_Microcntroller/02_Raspberry_Pi_Pico/pico-sdk/src/rp2_common/pico_int64_ops/pico_int64_ops_aeabi.S.obj
                0x10002308                __wrap___aeabi_lmul
 *fill*         0x1000233a        0x2 
 .text.__aeabi_float_init
                0x1000233c       0x68 CMakeFiles/led-with-for-delay.dir/home/philipp/Desktop/ITS_2020_BAC2_Microcntroller/02_Raspberry_Pi_Pico/pico-sdk/src/rp2_common/pico_float/float_init_rom.c.obj
                0x1000233c                __aeabi_float_init
 .text.float_table_shim_on_use_helper
                0x100023a4       0x2c CMakeFiles/led-with-for-delay.dir/home/philipp/Desktop/ITS_2020_BAC2_Microcntroller/02_Raspberry_Pi_Pico/pico-sdk/src/rp2_common/pico_float/float_v1_rom_shim.S.obj
                0x100023a4                float_table_shim_on_use_helper
 .text          0x100023d0       0x10 CMakeFiles/led-with-for-delay.dir/home/philipp/Desktop/ITS_2020_BAC2_Microcntroller/02_Raspberry_Pi_Pico/pico-sdk/src/rp2_common/pico_mem_ops/mem_ops_aeabi.S.obj
                0x100023d0                __aeabi_mem_init
 .text.memset   0x100023e0        0xc CMakeFiles/led-with-for-delay.dir/home/philipp/Desktop/ITS_2020_BAC2_Microcntroller/02_Raspberry_Pi_Pico/pico-sdk/src/rp2_common/pico_mem_ops/mem_ops_aeabi.S.obj
                0x100023e0                __wrap_memset
 .text.memcpy   0x100023ec        0xc CMakeFiles/led-with-for-delay.dir/home/philipp/Desktop/ITS_2020_BAC2_Microcntroller/02_Raspberry_Pi_Pico/pico-sdk/src/rp2_common/pico_mem_ops/mem_ops_aeabi.S.obj
                0x100023ec                __wrap___aeabi_memcpy
                0x100023ec                __wrap_memcpy
 .text.stdio_out_chars_no_crlf
                0x100023f8       0x10 CMakeFiles/led-with-for-delay.dir/home/philipp/Desktop/ITS_2020_BAC2_Microcntroller/02_Raspberry_Pi_Pico/pico-sdk/src/rp2_common/pico_stdio/stdio.c.obj
 .text.stdio_out_chars_crlf
                0x10002408       0xac CMakeFiles/led-with-for-delay.dir/home/philipp/Desktop/ITS_2020_BAC2_Microcntroller/02_Raspberry_Pi_Pico/pico-sdk/src/rp2_common/pico_stdio/stdio.c.obj
 .text.stdio_put_string
                0x100024b4      0x104 CMakeFiles/led-with-for-delay.dir/home/philipp/Desktop/ITS_2020_BAC2_Microcntroller/02_Raspberry_Pi_Pico/pico-sdk/src/rp2_common/pico_stdio/stdio.c.obj
 .text.__wrap_putchar
                0x100025b8       0x98 CMakeFiles/led-with-for-delay.dir/home/philipp/Desktop/ITS_2020_BAC2_Microcntroller/02_Raspberry_Pi_Pico/pico-sdk/src/rp2_common/pico_stdio/stdio.c.obj
                0x100025b8                __wrap_putchar
 .text.__wrap_puts
                0x10002650       0x3c CMakeFiles/led-with-for-delay.dir/home/philipp/Desktop/ITS_2020_BAC2_Microcntroller/02_Raspberry_Pi_Pico/pico-sdk/src/rp2_common/pico_stdio/stdio.c.obj
                0x10002650                __wrap_puts
 .text.stdio_set_driver_enabled
                0x1000268c       0x30 CMakeFiles/led-with-for-delay.dir/home/philipp/Desktop/ITS_2020_BAC2_Microcntroller/02_Raspberry_Pi_Pico/pico-sdk/src/rp2_common/pico_stdio/stdio.c.obj
                0x1000268c                stdio_set_driver_enabled
 .text.stdio_init_all
                0x100026bc       0x10 CMakeFiles/led-with-for-delay.dir/home/philipp/Desktop/ITS_2020_BAC2_Microcntroller/02_Raspberry_Pi_Pico/pico-sdk/src/rp2_common/pico_stdio/stdio.c.obj
                0x100026bc                stdio_init_all
 .text.stdio_uart_out_chars
                0x100026cc       0x4c CMakeFiles/led-with-for-delay.dir/home/philipp/Desktop/ITS_2020_BAC2_Microcntroller/02_Raspberry_Pi_Pico/pico-sdk/src/rp2_common/pico_stdio_uart/stdio_uart.c.obj
 .text.stdio_uart_in_chars
                0x10002718       0x7c CMakeFiles/led-with-for-delay.dir/home/philipp/Desktop/ITS_2020_BAC2_Microcntroller/02_Raspberry_Pi_Pico/pico-sdk/src/rp2_common/pico_stdio_uart/stdio_uart.c.obj
                0x10002718                stdio_uart_in_chars
 .text.on_uart_rx
                0x10002794       0x28 CMakeFiles/led-with-for-delay.dir/home/philipp/Desktop/ITS_2020_BAC2_Microcntroller/02_Raspberry_Pi_Pico/pico-sdk/src/rp2_common/pico_stdio_uart/stdio_uart.c.obj
 .text.stdio_uart_set_chars_available_callback
                0x100027bc       0x84 CMakeFiles/led-with-for-delay.dir/home/philipp/Desktop/ITS_2020_BAC2_Microcntroller/02_Raspberry_Pi_Pico/pico-sdk/src/rp2_common/pico_stdio_uart/stdio_uart.c.obj
 .text.stdio_uart_init
                0x10002840       0x48 CMakeFiles/led-with-for-delay.dir/home/philipp/Desktop/ITS_2020_BAC2_Microcntroller/02_Raspberry_Pi_Pico/pico-sdk/src/rp2_common/pico_stdio_uart/stdio_uart.c.obj
                0x10002840                stdio_uart_init
 .text.resetd_init
                0x10002888        0x4 CMakeFiles/led-with-for-delay.dir/home/philipp/Desktop/ITS_2020_BAC2_Microcntroller/02_Raspberry_Pi_Pico/pico-sdk/src/rp2_common/pico_stdio_usb/reset_interface.c.obj
 .text.resetd_reset
                0x1000288c        0xc CMakeFiles/led-with-for-delay.dir/home/philipp/Desktop/ITS_2020_BAC2_Microcntroller/02_Raspberry_Pi_Pico/pico-sdk/src/rp2_common/pico_stdio_usb/reset_interface.c.obj
 .text.resetd_open
                0x10002898       0x28 CMakeFiles/led-with-for-delay.dir/home/philipp/Desktop/ITS_2020_BAC2_Microcntroller/02_Raspberry_Pi_Pico/pico-sdk/src/rp2_common/pico_stdio_usb/reset_interface.c.obj
 .text.resetd_xfer_cb
                0x100028c0        0x4 CMakeFiles/led-with-for-delay.dir/home/philipp/Desktop/ITS_2020_BAC2_Microcntroller/02_Raspberry_Pi_Pico/pico-sdk/src/rp2_common/pico_stdio_usb/reset_interface.c.obj
 .text.resetd_control_xfer_cb
                0x100028c4       0x64 CMakeFiles/led-with-for-delay.dir/home/philipp/Desktop/ITS_2020_BAC2_Microcntroller/02_Raspberry_Pi_Pico/pico-sdk/src/rp2_common/pico_stdio_usb/reset_interface.c.obj
 .text.usbd_app_driver_get_cb
                0x10002928        0xc CMakeFiles/led-with-for-delay.dir/home/philipp/Desktop/ITS_2020_BAC2_Microcntroller/02_Raspberry_Pi_Pico/pico-sdk/src/rp2_common/pico_stdio_usb/reset_interface.c.obj
                0x10002928                usbd_app_driver_get_cb
 .text.tud_cdc_line_coding_cb
                0x10002934       0x34 CMakeFiles/led-with-for-delay.dir/home/philipp/Desktop/ITS_2020_BAC2_Microcntroller/02_Raspberry_Pi_Pico/pico-sdk/src/rp2_common/pico_stdio_usb/reset_interface.c.obj
                0x10002934                tud_cdc_line_coding_cb
 .text.stdio_usb_set_chars_available_callback
                0x10002968       0x14 CMakeFiles/led-with-for-delay.dir/home/philipp/Desktop/ITS_2020_BAC2_Microcntroller/02_Raspberry_Pi_Pico/pico-sdk/src/rp2_common/pico_stdio_usb/stdio_usb.c.obj
                0x10002968                stdio_usb_set_chars_available_callback
 .text.timer_task
                0x1000297c       0x54 CMakeFiles/led-with-for-delay.dir/home/philipp/Desktop/ITS_2020_BAC2_Microcntroller/02_Raspberry_Pi_Pico/pico-sdk/src/rp2_common/pico_stdio_usb/stdio_usb.c.obj
 .text.usb_irq  0x100029d0       0x10 CMakeFiles/led-with-for-delay.dir/home/philipp/Desktop/ITS_2020_BAC2_Microcntroller/02_Raspberry_Pi_Pico/pico-sdk/src/rp2_common/pico_stdio_usb/stdio_usb.c.obj
 .text.stdio_usb_in_chars
                0x100029e0       0x90 CMakeFiles/led-with-for-delay.dir/home/philipp/Desktop/ITS_2020_BAC2_Microcntroller/02_Raspberry_Pi_Pico/pico-sdk/src/rp2_common/pico_stdio_usb/stdio_usb.c.obj
                0x100029e0                stdio_usb_in_chars
 .text.stdio_usb_out_chars
                0x10002a70      0x110 CMakeFiles/led-with-for-delay.dir/home/philipp/Desktop/ITS_2020_BAC2_Microcntroller/02_Raspberry_Pi_Pico/pico-sdk/src/rp2_common/pico_stdio_usb/stdio_usb.c.obj
 .text.low_priority_worker_irq
                0x10002b80       0xa8 CMakeFiles/led-with-for-delay.dir/home/philipp/Desktop/ITS_2020_BAC2_Microcntroller/02_Raspberry_Pi_Pico/pico-sdk/src/rp2_common/pico_stdio_usb/stdio_usb.c.obj
 .text.tud_cdc_rx_cb
                0x10002c28       0x20 CMakeFiles/led-with-for-delay.dir/home/philipp/Desktop/ITS_2020_BAC2_Microcntroller/02_Raspberry_Pi_Pico/pico-sdk/src/rp2_common/pico_stdio_usb/stdio_usb.c.obj
                0x10002c28                tud_cdc_rx_cb
 .text.stdio_usb_init
                0x10002c48       0xdc CMakeFiles/led-with-for-delay.dir/home/philipp/Desktop/ITS_2020_BAC2_Microcntroller/02_Raspberry_Pi_Pico/pico-sdk/src/rp2_common/pico_stdio_usb/stdio_usb.c.obj
                0x10002c48                stdio_usb_init
 .text.tud_descriptor_device_cb
                0x10002d24        0x8 CMakeFiles/led-with-for-delay.dir/home/philipp/Desktop/ITS_2020_BAC2_Microcntroller/02_Raspberry_Pi_Pico/pico-sdk/src/rp2_common/pico_stdio_usb/stdio_usb_descriptors.c.obj
                0x10002d24                tud_descriptor_device_cb
 .text.tud_descriptor_configuration_cb
                0x10002d2c        0x8 CMakeFiles/led-with-for-delay.dir/home/philipp/Desktop/ITS_2020_BAC2_Microcntroller/02_Raspberry_Pi_Pico/pico-sdk/src/rp2_common/pico_stdio_usb/stdio_usb_descriptors.c.obj
                0x10002d2c                tud_descriptor_configuration_cb
 .text.tud_descriptor_string_cb
                0x10002d34       0x70 CMakeFiles/led-with-for-delay.dir/home/philipp/Desktop/ITS_2020_BAC2_Microcntroller/02_Raspberry_Pi_Pico/pico-sdk/src/rp2_common/pico_stdio_usb/stdio_usb_descriptors.c.obj
                0x10002d34                tud_descriptor_string_cb
 .text.startup._retrieve_unique_id_on_boot
                0x10002da4       0x10 CMakeFiles/led-with-for-delay.dir/home/philipp/Desktop/ITS_2020_BAC2_Microcntroller/02_Raspberry_Pi_Pico/pico-sdk/src/rp2_common/pico_unique_id/unique_id.c.obj
 .text.pico_get_unique_board_id_string
                0x10002db4      0x1cc CMakeFiles/led-with-for-delay.dir/home/philipp/Desktop/ITS_2020_BAC2_Microcntroller/02_Raspberry_Pi_Pico/pico-sdk/src/rp2_common/pico_unique_id/unique_id.c.obj
                0x10002db4                pico_get_unique_board_id_string
 .text.flash_get_unique_id
                0x10002f80       0x3c CMakeFiles/led-with-for-delay.dir/home/philipp/Desktop/ITS_2020_BAC2_Microcntroller/02_Raspberry_Pi_Pico/pico-sdk/src/rp2_common/hardware_flash/flash.c.obj
                0x10002f80                flash_get_unique_id
 .text.dcd_int_enable
                0x10002fbc        0xc CMakeFiles/led-with-for-delay.dir/home/philipp/Desktop/ITS_2020_BAC2_Microcntroller/02_Raspberry_Pi_Pico/pico-sdk/lib/tinyusb/src/portable/raspberrypi/rp2040/dcd_rp2040.c.obj
                0x10002fbc                dcd_int_enable
 .text.dcd_set_address
                0x10002fc8       0x14 CMakeFiles/led-with-for-delay.dir/home/philipp/Desktop/ITS_2020_BAC2_Microcntroller/02_Raspberry_Pi_Pico/pico-sdk/lib/tinyusb/src/portable/raspberrypi/rp2040/dcd_rp2040.c.obj
                0x10002fc8                dcd_set_address
 .text.dcd_connect
                0x10002fdc       0x10 CMakeFiles/led-with-for-delay.dir/home/philipp/Desktop/ITS_2020_BAC2_Microcntroller/02_Raspberry_Pi_Pico/pico-sdk/lib/tinyusb/src/portable/raspberrypi/rp2040/dcd_rp2040.c.obj
                0x10002fdc                dcd_connect
 .text.dcd_init
                0x10002fec       0x90 CMakeFiles/led-with-for-delay.dir/home/philipp/Desktop/ITS_2020_BAC2_Microcntroller/02_Raspberry_Pi_Pico/pico-sdk/lib/tinyusb/src/portable/raspberrypi/rp2040/dcd_rp2040.c.obj
                0x10002fec                dcd_init
 .text.dcd_edpt0_status_complete
                0x1000307c       0x1c CMakeFiles/led-with-for-delay.dir/home/philipp/Desktop/ITS_2020_BAC2_Microcntroller/02_Raspberry_Pi_Pico/pico-sdk/lib/tinyusb/src/portable/raspberrypi/rp2040/dcd_rp2040.c.obj
                0x1000307c                dcd_edpt0_status_complete
 .text.dcd_edpt_open
                0x10003098      0x10c CMakeFiles/led-with-for-delay.dir/home/philipp/Desktop/ITS_2020_BAC2_Microcntroller/02_Raspberry_Pi_Pico/pico-sdk/lib/tinyusb/src/portable/raspberrypi/rp2040/dcd_rp2040.c.obj
                0x10003098                dcd_edpt_open
 .text.dcd_edpt_close_all
                0x100031a4        0x8 CMakeFiles/led-with-for-delay.dir/home/philipp/Desktop/ITS_2020_BAC2_Microcntroller/02_Raspberry_Pi_Pico/pico-sdk/lib/tinyusb/src/portable/raspberrypi/rp2040/dcd_rp2040.c.obj
                0x100031a4                dcd_edpt_close_all
 .text.dcd_edpt_xfer
                0x100031ac       0x24 CMakeFiles/led-with-for-delay.dir/home/philipp/Desktop/ITS_2020_BAC2_Microcntroller/02_Raspberry_Pi_Pico/pico-sdk/lib/tinyusb/src/portable/raspberrypi/rp2040/dcd_rp2040.c.obj
                0x100031ac                dcd_edpt_xfer
 .text.dcd_edpt_stall
                0x100031d0       0x34 CMakeFiles/led-with-for-delay.dir/home/philipp/Desktop/ITS_2020_BAC2_Microcntroller/02_Raspberry_Pi_Pico/pico-sdk/lib/tinyusb/src/portable/raspberrypi/rp2040/dcd_rp2040.c.obj
                0x100031d0                dcd_edpt_stall
 .text.dcd_edpt_clear_stall
                0x10003204       0x2c CMakeFiles/led-with-for-delay.dir/home/philipp/Desktop/ITS_2020_BAC2_Microcntroller/02_Raspberry_Pi_Pico/pico-sdk/lib/tinyusb/src/portable/raspberrypi/rp2040/dcd_rp2040.c.obj
                0x10003204                dcd_edpt_clear_stall
 .text.rp2040_usb_init
                0x10003230       0x4c CMakeFiles/led-with-for-delay.dir/home/philipp/Desktop/ITS_2020_BAC2_Microcntroller/02_Raspberry_Pi_Pico/pico-sdk/lib/tinyusb/src/portable/raspberrypi/rp2040/rp2040_usb.c.obj
                0x10003230                rp2040_usb_init
 .text.hw_endpoint_xfer_start
                0x1000327c       0x54 CMakeFiles/led-with-for-delay.dir/home/philipp/Desktop/ITS_2020_BAC2_Microcntroller/02_Raspberry_Pi_Pico/pico-sdk/lib/tinyusb/src/portable/raspberrypi/rp2040/rp2040_usb.c.obj
                0x1000327c                hw_endpoint_xfer_start
 .text.tud_mounted
                0x100032d0       0x10 CMakeFiles/led-with-for-delay.dir/home/philipp/Desktop/ITS_2020_BAC2_Microcntroller/02_Raspberry_Pi_Pico/pico-sdk/lib/tinyusb/src/device/usbd.c.obj
                0x100032d0                tud_mounted
 .text.tud_suspended
                0x100032e0       0x10 CMakeFiles/led-with-for-delay.dir/home/philipp/Desktop/ITS_2020_BAC2_Microcntroller/02_Raspberry_Pi_Pico/pico-sdk/lib/tinyusb/src/device/usbd.c.obj
                0x100032e0                tud_suspended
 .text.tud_inited
                0x100032f0       0x14 CMakeFiles/led-with-for-delay.dir/home/philipp/Desktop/ITS_2020_BAC2_Microcntroller/02_Raspberry_Pi_Pico/pico-sdk/lib/tinyusb/src/device/usbd.c.obj
                0x100032f0                tud_inited
 .text.tud_init
                0x10003304       0xe4 CMakeFiles/led-with-for-delay.dir/home/philipp/Desktop/ITS_2020_BAC2_Microcntroller/02_Raspberry_Pi_Pico/pico-sdk/lib/tinyusb/src/device/usbd.c.obj
                0x10003304                tud_init
 .text.tud_task_ext
                0x100033e8      0x88c CMakeFiles/led-with-for-delay.dir/home/philipp/Desktop/ITS_2020_BAC2_Microcntroller/02_Raspberry_Pi_Pico/pico-sdk/lib/tinyusb/src/device/usbd.c.obj
                0x100033e8                tud_task_ext
 .text.usbd_open_edpt_pair
                0x10003c74       0xbc CMakeFiles/led-with-for-delay.dir/home/philipp/Desktop/ITS_2020_BAC2_Microcntroller/02_Raspberry_Pi_Pico/pico-sdk/lib/tinyusb/src/device/usbd.c.obj
                0x10003c74                usbd_open_edpt_pair
 .text.usbd_defer_func
                0x10003d30       0x4c CMakeFiles/led-with-for-delay.dir/home/philipp/Desktop/ITS_2020_BAC2_Microcntroller/02_Raspberry_Pi_Pico/pico-sdk/lib/tinyusb/src/device/usbd.c.obj
                0x10003d30                usbd_defer_func
 .text.usbd_edpt_open
                0x10003d7c       0x34 CMakeFiles/led-with-for-delay.dir/home/philipp/Desktop/ITS_2020_BAC2_Microcntroller/02_Raspberry_Pi_Pico/pico-sdk/lib/tinyusb/src/device/usbd.c.obj
                0x10003d7c                usbd_edpt_open
 .text.usbd_edpt_claim
                0x10003db0       0x28 CMakeFiles/led-with-for-delay.dir/home/philipp/Desktop/ITS_2020_BAC2_Microcntroller/02_Raspberry_Pi_Pico/pico-sdk/lib/tinyusb/src/device/usbd.c.obj
                0x10003db0                usbd_edpt_claim
 .text.usbd_edpt_release
                0x10003dd8       0x28 CMakeFiles/led-with-for-delay.dir/home/philipp/Desktop/ITS_2020_BAC2_Microcntroller/02_Raspberry_Pi_Pico/pico-sdk/lib/tinyusb/src/device/usbd.c.obj
                0x10003dd8                usbd_edpt_release
 .text.usbd_edpt_xfer
                0x10003e00       0x4c CMakeFiles/led-with-for-delay.dir/home/philipp/Desktop/ITS_2020_BAC2_Microcntroller/02_Raspberry_Pi_Pico/pico-sdk/lib/tinyusb/src/device/usbd.c.obj
                0x10003e00                usbd_edpt_xfer
 .text.tud_control_status
                0x10003e4c       0x30 CMakeFiles/led-with-for-delay.dir/home/philipp/Desktop/ITS_2020_BAC2_Microcntroller/02_Raspberry_Pi_Pico/pico-sdk/lib/tinyusb/src/device/usbd_control.c.obj
                0x10003e4c                tud_control_status
 .text.tud_control_xfer
                0x10003e7c       0xb4 CMakeFiles/led-with-for-delay.dir/home/philipp/Desktop/ITS_2020_BAC2_Microcntroller/02_Raspberry_Pi_Pico/pico-sdk/lib/tinyusb/src/device/usbd_control.c.obj
                0x10003e7c                tud_control_xfer
 .text.usbd_control_reset
                0x10003f30       0x14 CMakeFiles/led-with-for-delay.dir/home/philipp/Desktop/ITS_2020_BAC2_Microcntroller/02_Raspberry_Pi_Pico/pico-sdk/lib/tinyusb/src/device/usbd_control.c.obj
                0x10003f30                usbd_control_reset
 .text.usbd_control_set_complete_callback
                0x10003f44        0xc CMakeFiles/led-with-for-delay.dir/home/philipp/Desktop/ITS_2020_BAC2_Microcntroller/02_Raspberry_Pi_Pico/pico-sdk/lib/tinyusb/src/device/usbd_control.c.obj
                0x10003f44                usbd_control_set_complete_callback
 .text.usbd_control_set_request
                0x10003f50       0x1c CMakeFiles/led-with-for-delay.dir/home/philipp/Desktop/ITS_2020_BAC2_Microcntroller/02_Raspberry_Pi_Pico/pico-sdk/lib/tinyusb/src/device/usbd_control.c.obj
                0x10003f50                usbd_control_set_request
 .text.usbd_control_xfer_cb
                0x10003f6c       0xfc CMakeFiles/led-with-for-delay.dir/home/philipp/Desktop/ITS_2020_BAC2_Microcntroller/02_Raspberry_Pi_Pico/pico-sdk/lib/tinyusb/src/device/usbd_control.c.obj
                0x10003f6c                usbd_control_xfer_cb
 .text.tud_cdc_n_connected
                0x10004068       0x30 CMakeFiles/led-with-for-delay.dir/home/philipp/Desktop/ITS_2020_BAC2_Microcntroller/02_Raspberry_Pi_Pico/pico-sdk/lib/tinyusb/src/class/cdc/cdc_device.c.obj
                0x10004068                tud_cdc_n_connected
 .text.tud_cdc_n_available
                0x10004098       0x18 CMakeFiles/led-with-for-delay.dir/home/philipp/Desktop/ITS_2020_BAC2_Microcntroller/02_Raspberry_Pi_Pico/pico-sdk/lib/tinyusb/src/class/cdc/cdc_device.c.obj
                0x10004098                tud_cdc_n_available
 .text.tud_cdc_n_read
                0x100040b0       0x70 CMakeFiles/led-with-for-delay.dir/home/philipp/Desktop/ITS_2020_BAC2_Microcntroller/02_Raspberry_Pi_Pico/pico-sdk/lib/tinyusb/src/class/cdc/cdc_device.c.obj
                0x100040b0                tud_cdc_n_read
 .text.tud_cdc_n_write_flush
                0x10004120       0x78 CMakeFiles/led-with-for-delay.dir/home/philipp/Desktop/ITS_2020_BAC2_Microcntroller/02_Raspberry_Pi_Pico/pico-sdk/lib/tinyusb/src/class/cdc/cdc_device.c.obj
                0x10004120                tud_cdc_n_write_flush
 .text.tud_cdc_n_write
                0x10004198       0x34 CMakeFiles/led-with-for-delay.dir/home/philipp/Desktop/ITS_2020_BAC2_Microcntroller/02_Raspberry_Pi_Pico/pico-sdk/lib/tinyusb/src/class/cdc/cdc_device.c.obj
                0x10004198                tud_cdc_n_write
 .text.tud_cdc_n_write_available
                0x100041cc       0x18 CMakeFiles/led-with-for-delay.dir/home/philipp/Desktop/ITS_2020_BAC2_Microcntroller/02_Raspberry_Pi_Pico/pico-sdk/lib/tinyusb/src/class/cdc/cdc_device.c.obj
                0x100041cc                tud_cdc_n_write_available
 .text.cdcd_init
                0x100041e4       0x7c CMakeFiles/led-with-for-delay.dir/home/philipp/Desktop/ITS_2020_BAC2_Microcntroller/02_Raspberry_Pi_Pico/pico-sdk/lib/tinyusb/src/class/cdc/cdc_device.c.obj
                0x100041e4                cdcd_init
 .text.cdcd_reset
                0x10004260       0x2c CMakeFiles/led-with-for-delay.dir/home/philipp/Desktop/ITS_2020_BAC2_Microcntroller/02_Raspberry_Pi_Pico/pico-sdk/lib/tinyusb/src/class/cdc/cdc_device.c.obj
                0x10004260                cdcd_reset
 .text.cdcd_open
                0x1000428c       0xe8 CMakeFiles/led-with-for-delay.dir/home/philipp/Desktop/ITS_2020_BAC2_Microcntroller/02_Raspberry_Pi_Pico/pico-sdk/lib/tinyusb/src/class/cdc/cdc_device.c.obj
                0x1000428c                cdcd_open
 .text.cdcd_control_xfer_cb
                0x10004374       0xdc CMakeFiles/led-with-for-delay.dir/home/philipp/Desktop/ITS_2020_BAC2_Microcntroller/02_Raspberry_Pi_Pico/pico-sdk/lib/tinyusb/src/class/cdc/cdc_device.c.obj
                0x10004374                cdcd_control_xfer_cb
 .text.cdcd_xfer_cb
                0x10004450      0x19c CMakeFiles/led-with-for-delay.dir/home/philipp/Desktop/ITS_2020_BAC2_Microcntroller/02_Raspberry_Pi_Pico/pico-sdk/lib/tinyusb/src/class/cdc/cdc_device.c.obj
                0x10004450                cdcd_xfer_cb
 .text.tusb_init
                0x100045ec        0xc CMakeFiles/led-with-for-delay.dir/home/philipp/Desktop/ITS_2020_BAC2_Microcntroller/02_Raspberry_Pi_Pico/pico-sdk/lib/tinyusb/src/tusb.c.obj
                0x100045ec                tusb_init
 .text.tusb_inited
                0x100045f8        0x8 CMakeFiles/led-with-for-delay.dir/home/philipp/Desktop/ITS_2020_BAC2_Microcntroller/02_Raspberry_Pi_Pico/pico-sdk/lib/tinyusb/src/tusb.c.obj
                0x100045f8                tusb_inited
 .text.tu_edpt_claim
                0x10004600       0x4c CMakeFiles/led-with-for-delay.dir/home/philipp/Desktop/ITS_2020_BAC2_Microcntroller/02_Raspberry_Pi_Pico/pico-sdk/lib/tinyusb/src/tusb.c.obj
                0x10004600                tu_edpt_claim
 .text.tu_edpt_release
                0x1000464c       0x38 CMakeFiles/led-with-for-delay.dir/home/philipp/Desktop/ITS_2020_BAC2_Microcntroller/02_Raspberry_Pi_Pico/pico-sdk/lib/tinyusb/src/tusb.c.obj
                0x1000464c                tu_edpt_release
 .text.tu_edpt_validate
                0x10004684       0x74 CMakeFiles/led-with-for-delay.dir/home/philipp/Desktop/ITS_2020_BAC2_Microcntroller/02_Raspberry_Pi_Pico/pico-sdk/lib/tinyusb/src/tusb.c.obj
                0x10004684                tu_edpt_validate
 .text.tu_edpt_bind_driver
                0x100046f8       0x34 CMakeFiles/led-with-for-delay.dir/home/philipp/Desktop/ITS_2020_BAC2_Microcntroller/02_Raspberry_Pi_Pico/pico-sdk/lib/tinyusb/src/tusb.c.obj
                0x100046f8                tu_edpt_bind_driver
 .text.tu_fifo_config
                0x1000472c       0x7c CMakeFiles/led-with-for-delay.dir/home/philipp/Desktop/ITS_2020_BAC2_Microcntroller/02_Raspberry_Pi_Pico/pico-sdk/lib/tinyusb/src/common/tusb_fifo.c.obj
                0x1000472c                tu_fifo_config
 .text.tu_fifo_count
                0x100047a8       0x28 CMakeFiles/led-with-for-delay.dir/home/philipp/Desktop/ITS_2020_BAC2_Microcntroller/02_Raspberry_Pi_Pico/pico-sdk/lib/tinyusb/src/common/tusb_fifo.c.obj
                0x100047a8                tu_fifo_count
 .text.tu_fifo_empty
                0x100047d0       0x10 CMakeFiles/led-with-for-delay.dir/home/philipp/Desktop/ITS_2020_BAC2_Microcntroller/02_Raspberry_Pi_Pico/pico-sdk/lib/tinyusb/src/common/tusb_fifo.c.obj
                0x100047d0                tu_fifo_empty
 .text.tu_fifo_remaining
                0x100047e0       0x28 CMakeFiles/led-with-for-delay.dir/home/philipp/Desktop/ITS_2020_BAC2_Microcntroller/02_Raspberry_Pi_Pico/pico-sdk/lib/tinyusb/src/common/tusb_fifo.c.obj
                0x100047e0                tu_fifo_remaining
 .text.tu_fifo_read
                0x10004808       0xa4 CMakeFiles/led-with-for-delay.dir/home/philipp/Desktop/ITS_2020_BAC2_Microcntroller/02_Raspberry_Pi_Pico/pico-sdk/lib/tinyusb/src/common/tusb_fifo.c.obj
                0x10004808                tu_fifo_read
 .text.tu_fifo_read_n
                0x100048ac       0xf0 CMakeFiles/led-with-for-delay.dir/home/philipp/Desktop/ITS_2020_BAC2_Microcntroller/02_Raspberry_Pi_Pico/pico-sdk/lib/tinyusb/src/common/tusb_fifo.c.obj
                0x100048ac                tu_fifo_read_n
 .text.tu_fifo_write
                0x1000499c       0x8c CMakeFiles/led-with-for-delay.dir/home/philipp/Desktop/ITS_2020_BAC2_Microcntroller/02_Raspberry_Pi_Pico/pico-sdk/lib/tinyusb/src/common/tusb_fifo.c.obj
                0x1000499c                tu_fifo_write
 .text.tu_fifo_write_n
                0x10004a28      0x160 CMakeFiles/led-with-for-delay.dir/home/philipp/Desktop/ITS_2020_BAC2_Microcntroller/02_Raspberry_Pi_Pico/pico-sdk/lib/tinyusb/src/common/tusb_fifo.c.obj
                0x10004a28                tu_fifo_write_n
 .text.tu_fifo_clear
                0x10004b88       0x40 CMakeFiles/led-with-for-delay.dir/home/philipp/Desktop/ITS_2020_BAC2_Microcntroller/02_Raspberry_Pi_Pico/pico-sdk/lib/tinyusb/src/common/tusb_fifo.c.obj
                0x10004b88                tu_fifo_clear
 .text.tu_fifo_set_overwritable
                0x10004bc8       0x48 CMakeFiles/led-with-for-delay.dir/home/philipp/Desktop/ITS_2020_BAC2_Microcntroller/02_Raspberry_Pi_Pico/pico-sdk/lib/tinyusb/src/common/tusb_fifo.c.obj
                0x10004bc8                tu_fifo_set_overwritable
 .text          0x10004c10       0x68 /usr/lib/gcc/arm-none-eabi/8.3.1/../../../arm-none-eabi/lib/thumb/v6-m/nofp/libc.a(lib_a-strlen-stub.o)
                0x10004c10                strlen
 *(.fini)
 .fini          0x10004c78        0x4 /usr/lib/gcc/arm-none-eabi/8.3.1/thumb/v6-m/nofp/crti.o
                0x10004c78                _fini
 *fill*         0x10004c7c        0x4 
 .fini.__stub   0x10004c80       0xc0 linker stubs
 *crtbegin.o(.ctors)
 *crtbegin?.o(.ctors)
 *(EXCLUDE_FILE(*crtend.o *crtend?.o) .ctors)
 *(SORT_BY_NAME(.ctors.*))
 *(.ctors)
 *crtbegin.o(.dtors)
 *crtbegin?.o(.dtors)
 *(EXCLUDE_FILE(*crtend.o *crtend?.o) .dtors)
 *(SORT_BY_NAME(.dtors.*))
 *(.dtors)
 *(.eh_frame*)
 .eh_frame      0x10004d40        0x0 /usr/lib/gcc/arm-none-eabi/8.3.1/thumb/v6-m/nofp/crtbegin.o
                0x10004d40                . = ALIGN (0x4)

.glue_7         0x10004d40        0x0
 .glue_7        0x10004d40        0x0 linker stubs

.glue_7t        0x10004d40        0x0
 .glue_7t       0x10004d40        0x0 linker stubs

.vfp11_veneer   0x10004d40        0x0
 .vfp11_veneer  0x10004d40        0x0 linker stubs

.v4_bx          0x10004d40        0x0
 .v4_bx         0x10004d40        0x0 linker stubs

.iplt           0x10004d40        0x0
 .iplt          0x10004d40        0x0 /usr/lib/gcc/arm-none-eabi/8.3.1/thumb/v6-m/nofp/crtbegin.o

.rodata         0x10004d40      0x364
 *(EXCLUDE_FILE(*libm.a: *libc.a:*lib_a-mem*.o *libgcc.a:) .rodata*)
 .rodata.__bi_31.6160
                0x10004d40        0xc CMakeFiles/led-with-for-delay.dir/led-with-for-delay.c.obj
 .rodata.__bi_32.6163
                0x10004d4c        0xc CMakeFiles/led-with-for-delay.dir/led-with-for-delay.c.obj
 .rodata.main.str1.4
                0x10004d58        0xd CMakeFiles/led-with-for-delay.dir/led-with-for-delay.c.obj
 *fill*         0x10004d65        0x3 
 .rodata.str1.4
                0x10004d68       0x25 CMakeFiles/led-with-for-delay.dir/led-with-for-delay.c.obj
 *fill*         0x10004d8d        0x3 
 .rodata.spin_lock_claim_unused.str1.4
                0x10004d90       0x1b CMakeFiles/led-with-for-delay.dir/home/philipp/Desktop/ITS_2020_BAC2_Microcntroller/02_Raspberry_Pi_Pico/pico-sdk/src/rp2_common/hardware_sync/sync.c.obj
 *fill*         0x10004dab        0x1 
 .rodata.user_irq_claim_unused.str1.4
                0x10004dac       0x1b CMakeFiles/led-with-for-delay.dir/home/philipp/Desktop/ITS_2020_BAC2_Microcntroller/02_Raspberry_Pi_Pico/pico-sdk/src/rp2_common/hardware_irq/irq.c.obj
 *fill*         0x10004dc7        0x1 
 .rodata.hardware_alarm_claim.str1.4
                0x10004dc8       0x22 CMakeFiles/led-with-for-delay.dir/home/philipp/Desktop/ITS_2020_BAC2_Microcntroller/02_Raspberry_Pi_Pico/pico-sdk/src/rp2_common/hardware_timer/timer.c.obj
 *fill*         0x10004dea        0x2 
 .rodata.hard_assertion_failure.str1.4
                0x10004dec        0xc CMakeFiles/led-with-for-delay.dir/home/philipp/Desktop/ITS_2020_BAC2_Microcntroller/02_Raspberry_Pi_Pico/pico-sdk/src/rp2_common/pico_runtime/runtime.c.obj
 .rodata.panic.str1.4
                0x10004df8       0x12 CMakeFiles/led-with-for-delay.dir/home/philipp/Desktop/ITS_2020_BAC2_Microcntroller/02_Raspberry_Pi_Pico/pico-sdk/src/rp2_common/pico_runtime/runtime.c.obj
 *fill*         0x10004e0a        0x2 
 .rodata.__bi_44
                0x10004e0c        0xc CMakeFiles/led-with-for-delay.dir/home/philipp/Desktop/ITS_2020_BAC2_Microcntroller/02_Raspberry_Pi_Pico/pico-sdk/src/rp2_common/pico_standard_link/binary_info.c.obj
 .rodata.__bi_75
                0x10004e18        0xc CMakeFiles/led-with-for-delay.dir/home/philipp/Desktop/ITS_2020_BAC2_Microcntroller/02_Raspberry_Pi_Pico/pico-sdk/src/rp2_common/pico_standard_link/binary_info.c.obj
 .rodata.__bi_81
                0x10004e24        0xc CMakeFiles/led-with-for-delay.dir/home/philipp/Desktop/ITS_2020_BAC2_Microcntroller/02_Raspberry_Pi_Pico/pico-sdk/src/rp2_common/pico_standard_link/binary_info.c.obj
 .rodata.str1.4
                0x10004e30       0x48 CMakeFiles/led-with-for-delay.dir/home/philipp/Desktop/ITS_2020_BAC2_Microcntroller/02_Raspberry_Pi_Pico/pico-sdk/src/rp2_common/pico_standard_link/binary_info.c.obj
 .rodata.crlf_str.6288
                0x10004e78        0x2 CMakeFiles/led-with-for-delay.dir/home/philipp/Desktop/ITS_2020_BAC2_Microcntroller/02_Raspberry_Pi_Pico/pico-sdk/src/rp2_common/pico_stdio/stdio.c.obj
 *fill*         0x10004e7a        0x2 
 .rodata.__bi_33.4928
                0x10004e7c        0xc CMakeFiles/led-with-for-delay.dir/home/philipp/Desktop/ITS_2020_BAC2_Microcntroller/02_Raspberry_Pi_Pico/pico-sdk/src/rp2_common/pico_stdio_uart/stdio_uart.c.obj
 .rodata.__bi_34.4932
                0x10004e88        0x8 CMakeFiles/led-with-for-delay.dir/home/philipp/Desktop/ITS_2020_BAC2_Microcntroller/02_Raspberry_Pi_Pico/pico-sdk/src/rp2_common/pico_stdio_uart/stdio_uart.c.obj
 .rodata.str1.4
                0x10004e90       0x2c CMakeFiles/led-with-for-delay.dir/home/philipp/Desktop/ITS_2020_BAC2_Microcntroller/02_Raspberry_Pi_Pico/pico-sdk/src/rp2_common/pico_stdio_uart/stdio_uart.c.obj
 .rodata._resetd_driver
                0x10004ebc       0x18 CMakeFiles/led-with-for-delay.dir/home/philipp/Desktop/ITS_2020_BAC2_Microcntroller/02_Raspberry_Pi_Pico/pico-sdk/src/rp2_common/pico_stdio_usb/reset_interface.c.obj
 .rodata.__bi_188.7707
                0x10004ed4        0xc CMakeFiles/led-with-for-delay.dir/home/philipp/Desktop/ITS_2020_BAC2_Microcntroller/02_Raspberry_Pi_Pico/pico-sdk/src/rp2_common/pico_stdio_usb/stdio_usb.c.obj
 .rodata.str1.4
                0x10004ee0       0x13 CMakeFiles/led-with-for-delay.dir/home/philipp/Desktop/ITS_2020_BAC2_Microcntroller/02_Raspberry_Pi_Pico/pico-sdk/src/rp2_common/pico_stdio_usb/stdio_usb.c.obj
 *fill*         0x10004ef3        0x1 
 .rodata.str1.4
                0x10004ef4       0x2a CMakeFiles/led-with-for-delay.dir/home/philipp/Desktop/ITS_2020_BAC2_Microcntroller/02_Raspberry_Pi_Pico/pico-sdk/src/rp2_common/pico_stdio_usb/stdio_usb_descriptors.c.obj
 *fill*         0x10004f1e        0x2 
 .rodata.usbd_desc_cfg
                0x10004f20       0x54 CMakeFiles/led-with-for-delay.dir/home/philipp/Desktop/ITS_2020_BAC2_Microcntroller/02_Raspberry_Pi_Pico/pico-sdk/src/rp2_common/pico_stdio_usb/stdio_usb_descriptors.c.obj
 .rodata.usbd_desc_device
                0x10004f74       0x12 CMakeFiles/led-with-for-delay.dir/home/philipp/Desktop/ITS_2020_BAC2_Microcntroller/02_Raspberry_Pi_Pico/pico-sdk/src/rp2_common/pico_stdio_usb/stdio_usb_descriptors.c.obj
 *fill*         0x10004f86        0x2 
 .rodata.usbd_desc_str
                0x10004f88       0x18 CMakeFiles/led-with-for-delay.dir/home/philipp/Desktop/ITS_2020_BAC2_Microcntroller/02_Raspberry_Pi_Pico/pico-sdk/src/rp2_common/pico_stdio_usb/stdio_usb_descriptors.c.obj
 .rodata.str1.4
                0x10004fa0       0x14 CMakeFiles/led-with-for-delay.dir/home/philipp/Desktop/ITS_2020_BAC2_Microcntroller/02_Raspberry_Pi_Pico/pico-sdk/lib/tinyusb/src/portable/raspberrypi/rp2040/dcd_rp2040.c.obj
 .rodata.str1.4
                0x10004fb4       0x49 CMakeFiles/led-with-for-delay.dir/home/philipp/Desktop/ITS_2020_BAC2_Microcntroller/02_Raspberry_Pi_Pico/pico-sdk/lib/tinyusb/src/portable/raspberrypi/rp2040/rp2040_usb.c.obj
                                 0x53 (size before relaxing)
 *fill*         0x10004ffd        0x3 
 .rodata.tud_task_ext
                0x10005000       0x8c CMakeFiles/led-with-for-delay.dir/home/philipp/Desktop/ITS_2020_BAC2_Microcntroller/02_Raspberry_Pi_Pico/pico-sdk/lib/tinyusb/src/device/usbd.c.obj
 .rodata._usbd_driver
                0x1000508c       0x18 CMakeFiles/led-with-for-delay.dir/home/philipp/Desktop/ITS_2020_BAC2_Microcntroller/02_Raspberry_Pi_Pico/pico-sdk/lib/tinyusb/src/device/usbd.c.obj
                0x100050a4                . = ALIGN (0x4)
 *(SORT_BY_ALIGNMENT(SORT_BY_NAME(.flashdata*)))
                0x100050a4                . = ALIGN (0x4)

.rel.dyn        0x100050a4        0x0
 .rel.iplt      0x100050a4        0x0 /usr/lib/gcc/arm-none-eabi/8.3.1/thumb/v6-m/nofp/crtbegin.o

.ARM.extab
 *(.ARM.extab* .gnu.linkonce.armextab.*)
                0x100050a4                __exidx_start = .

.ARM.exidx
 *(.ARM.exidx* .gnu.linkonce.armexidx.*)
                0x100050a4                __exidx_end = .
                0x100050a4                . = ALIGN (0x4)
                0x100050a4                __binary_info_start = .

.binary_info    0x100050a4       0x30
 *(.binary_info.keep.*)
 .binary_info.keep.__bi_ptr31
                0x100050a4        0x4 CMakeFiles/led-with-for-delay.dir/led-with-for-delay.c.obj
 .binary_info.keep.__bi_ptr32
                0x100050a8        0x4 CMakeFiles/led-with-for-delay.dir/led-with-for-delay.c.obj
 .binary_info.keep.__bi_ptr22
                0x100050ac        0x4 CMakeFiles/led-with-for-delay.dir/home/philipp/Desktop/ITS_2020_BAC2_Microcntroller/02_Raspberry_Pi_Pico/pico-sdk/src/rp2_common/pico_standard_link/binary_info.c.obj
 .binary_info.keep.__bi_ptr30
                0x100050b0        0x4 CMakeFiles/led-with-for-delay.dir/home/philipp/Desktop/ITS_2020_BAC2_Microcntroller/02_Raspberry_Pi_Pico/pico-sdk/src/rp2_common/pico_standard_link/binary_info.c.obj
 .binary_info.keep.__bi_ptr38
                0x100050b4        0x4 CMakeFiles/led-with-for-delay.dir/home/philipp/Desktop/ITS_2020_BAC2_Microcntroller/02_Raspberry_Pi_Pico/pico-sdk/src/rp2_common/pico_standard_link/binary_info.c.obj
 .binary_info.keep.__bi_ptr44
                0x100050b8        0x4 CMakeFiles/led-with-for-delay.dir/home/philipp/Desktop/ITS_2020_BAC2_Microcntroller/02_Raspberry_Pi_Pico/pico-sdk/src/rp2_common/pico_standard_link/binary_info.c.obj
 .binary_info.keep.__bi_ptr50
                0x100050bc        0x4 CMakeFiles/led-with-for-delay.dir/home/philipp/Desktop/ITS_2020_BAC2_Microcntroller/02_Raspberry_Pi_Pico/pico-sdk/src/rp2_common/pico_standard_link/binary_info.c.obj
 .binary_info.keep.__bi_ptr75
                0x100050c0        0x4 CMakeFiles/led-with-for-delay.dir/home/philipp/Desktop/ITS_2020_BAC2_Microcntroller/02_Raspberry_Pi_Pico/pico-sdk/src/rp2_common/pico_standard_link/binary_info.c.obj
 .binary_info.keep.__bi_ptr81
                0x100050c4        0x4 CMakeFiles/led-with-for-delay.dir/home/philipp/Desktop/ITS_2020_BAC2_Microcntroller/02_Raspberry_Pi_Pico/pico-sdk/src/rp2_common/pico_standard_link/binary_info.c.obj
 *(.binary_info.*)
 .binary_info.__bi_ptr33
                0x100050c8        0x4 CMakeFiles/led-with-for-delay.dir/home/philipp/Desktop/ITS_2020_BAC2_Microcntroller/02_Raspberry_Pi_Pico/pico-sdk/src/rp2_common/pico_stdio_uart/stdio_uart.c.obj
 .binary_info.__bi_ptr34
                0x100050cc        0x4 CMakeFiles/led-with-for-delay.dir/home/philipp/Desktop/ITS_2020_BAC2_Microcntroller/02_Raspberry_Pi_Pico/pico-sdk/src/rp2_common/pico_stdio_uart/stdio_uart.c.obj
 .binary_info.__bi_ptr188
                0x100050d0        0x4 CMakeFiles/led-with-for-delay.dir/home/philipp/Desktop/ITS_2020_BAC2_Microcntroller/02_Raspberry_Pi_Pico/pico-sdk/src/rp2_common/pico_stdio_usb/stdio_usb.c.obj
                0x100050d4                __binary_info_end = .
                0x100050d4                . = ALIGN (0x4)
                0x100050d4                __etext = .

.ram_vector_table
                0x20000000       0xc0
 *(.ram_vector_table)
 .ram_vector_table
                0x20000000       0xc0 CMakeFiles/led-with-for-delay.dir/home/philipp/Desktop/ITS_2020_BAC2_Microcntroller/02_Raspberry_Pi_Pico/pico-sdk/src/rp2_common/pico_runtime/runtime.c.obj
                0x20000000                ram_vector_table

.data           0x200000c0      0xea8 load address 0x100050d4
                0x200000c0                __data_start__ = .
 *(vtable)
 *(.time_critical*)
 .time_critical.mutex_try_enter
                0x200000c0       0x48 CMakeFiles/led-with-for-delay.dir/home/philipp/Desktop/ITS_2020_BAC2_Microcntroller/02_Raspberry_Pi_Pico/pico-sdk/src/common/pico_sync/mutex.c.obj
                0x200000c0                mutex_try_enter
 .time_critical.mutex_try_enter_block_until
                0x20000108       0xb0 CMakeFiles/led-with-for-delay.dir/home/philipp/Desktop/ITS_2020_BAC2_Microcntroller/02_Raspberry_Pi_Pico/pico-sdk/src/common/pico_sync/mutex.c.obj
                0x20000108                mutex_try_enter_block_until
 .time_critical.mutex_enter_timeout_ms
                0x200001b8       0x90 CMakeFiles/led-with-for-delay.dir/home/philipp/Desktop/ITS_2020_BAC2_Microcntroller/02_Raspberry_Pi_Pico/pico-sdk/src/common/pico_sync/mutex.c.obj
                0x200001b8                mutex_enter_timeout_ms
 .time_critical.mutex_exit
                0x20000248       0x28 CMakeFiles/led-with-for-delay.dir/home/philipp/Desktop/ITS_2020_BAC2_Microcntroller/02_Raspberry_Pi_Pico/pico-sdk/src/common/pico_sync/mutex.c.obj
                0x20000248                mutex_exit
 .time_critical.flash_init_boot2_copyout
                0x20000270       0x30 CMakeFiles/led-with-for-delay.dir/home/philipp/Desktop/ITS_2020_BAC2_Microcntroller/02_Raspberry_Pi_Pico/pico-sdk/src/rp2_common/hardware_flash/flash.c.obj
 .time_critical.flash_enable_xip_via_boot2
                0x200002a0       0x10 CMakeFiles/led-with-for-delay.dir/home/philipp/Desktop/ITS_2020_BAC2_Microcntroller/02_Raspberry_Pi_Pico/pico-sdk/src/rp2_common/hardware_flash/flash.c.obj
 .time_critical.flash_cs_force
                0x200002b0       0x38 CMakeFiles/led-with-for-delay.dir/home/philipp/Desktop/ITS_2020_BAC2_Microcntroller/02_Raspberry_Pi_Pico/pico-sdk/src/rp2_common/hardware_flash/flash.c.obj
 .time_critical.flash_do_cmd
                0x200002e8       0xb4 CMakeFiles/led-with-for-delay.dir/home/philipp/Desktop/ITS_2020_BAC2_Microcntroller/02_Raspberry_Pi_Pico/pico-sdk/src/rp2_common/hardware_flash/flash.c.obj
                0x200002e8                flash_do_cmd
 .time_critical.reset_non_control_endpoints
                0x2000039c       0xbc CMakeFiles/led-with-for-delay.dir/home/philipp/Desktop/ITS_2020_BAC2_Microcntroller/02_Raspberry_Pi_Pico/pico-sdk/lib/tinyusb/src/portable/raspberrypi/rp2040/dcd_rp2040.c.obj
 .time_critical.hw_handle_buff_status
                0x20000458       0xb4 CMakeFiles/led-with-for-delay.dir/home/philipp/Desktop/ITS_2020_BAC2_Microcntroller/02_Raspberry_Pi_Pico/pico-sdk/lib/tinyusb/src/portable/raspberrypi/rp2040/dcd_rp2040.c.obj
 .time_critical.dcd_rp2040_irq
                0x2000050c      0x500 CMakeFiles/led-with-for-delay.dir/home/philipp/Desktop/ITS_2020_BAC2_Microcntroller/02_Raspberry_Pi_Pico/pico-sdk/lib/tinyusb/src/portable/raspberrypi/rp2040/dcd_rp2040.c.obj
 .time_critical.prepare_ep_buffer
                0x20000a0c       0x70 CMakeFiles/led-with-for-delay.dir/home/philipp/Desktop/ITS_2020_BAC2_Microcntroller/02_Raspberry_Pi_Pico/pico-sdk/lib/tinyusb/src/portable/raspberrypi/rp2040/rp2040_usb.c.obj
 .time_critical.sync_ep_buffer
                0x20000a7c       0x4c CMakeFiles/led-with-for-delay.dir/home/philipp/Desktop/ITS_2020_BAC2_Microcntroller/02_Raspberry_Pi_Pico/pico-sdk/lib/tinyusb/src/portable/raspberrypi/rp2040/rp2040_usb.c.obj
 .time_critical._hw_endpoint_xfer_sync
                0x20000ac8       0x28 CMakeFiles/led-with-for-delay.dir/home/philipp/Desktop/ITS_2020_BAC2_Microcntroller/02_Raspberry_Pi_Pico/pico-sdk/lib/tinyusb/src/portable/raspberrypi/rp2040/rp2040_usb.c.obj
 .time_critical.e15_is_bulkin_ep
                0x20000af0       0x28 CMakeFiles/led-with-for-delay.dir/home/philipp/Desktop/ITS_2020_BAC2_Microcntroller/02_Raspberry_Pi_Pico/pico-sdk/lib/tinyusb/src/portable/raspberrypi/rp2040/rp2040_usb.c.obj
 .time_critical.e15_is_critical_frame_period
                0x20000b18       0x38 CMakeFiles/led-with-for-delay.dir/home/philipp/Desktop/ITS_2020_BAC2_Microcntroller/02_Raspberry_Pi_Pico/pico-sdk/lib/tinyusb/src/portable/raspberrypi/rp2040/rp2040_usb.c.obj
 .time_critical.hw_endpoint_reset_transfer
                0x20000b50        0xc CMakeFiles/led-with-for-delay.dir/home/philipp/Desktop/ITS_2020_BAC2_Microcntroller/02_Raspberry_Pi_Pico/pico-sdk/lib/tinyusb/src/portable/raspberrypi/rp2040/rp2040_usb.c.obj
                0x20000b50                hw_endpoint_reset_transfer
 .time_critical._hw_endpoint_buffer_control_update32
                0x20000b5c       0x58 CMakeFiles/led-with-for-delay.dir/home/philipp/Desktop/ITS_2020_BAC2_Microcntroller/02_Raspberry_Pi_Pico/pico-sdk/lib/tinyusb/src/portable/raspberrypi/rp2040/rp2040_usb.c.obj
                0x20000b5c                _hw_endpoint_buffer_control_update32
 .time_critical.hw_endpoint_start_next_buffer
                0x20000bb4       0x6c CMakeFiles/led-with-for-delay.dir/home/philipp/Desktop/ITS_2020_BAC2_Microcntroller/02_Raspberry_Pi_Pico/pico-sdk/lib/tinyusb/src/portable/raspberrypi/rp2040/rp2040_usb.c.obj
                0x20000bb4                hw_endpoint_start_next_buffer
 .time_critical.hw_endpoint_xfer_continue
                0x20000c20       0x50 CMakeFiles/led-with-for-delay.dir/home/philipp/Desktop/ITS_2020_BAC2_Microcntroller/02_Raspberry_Pi_Pico/pico-sdk/lib/tinyusb/src/portable/raspberrypi/rp2040/rp2040_usb.c.obj
                0x20000c20                hw_endpoint_xfer_continue
 .time_critical.tinyusb
                0x20000c70      0x16c CMakeFiles/led-with-for-delay.dir/home/philipp/Desktop/ITS_2020_BAC2_Microcntroller/02_Raspberry_Pi_Pico/pico-sdk/lib/tinyusb/src/device/usbd.c.obj
                0x20000c70                dcd_event_handler
 *(.text*)
 .text          0x20000ddc        0x4 /usr/lib/gcc/arm-none-eabi/8.3.1/thumb/v6-m/nofp/libgcc.a(_dvmd_tls.o)
                0x20000ddc                __aeabi_ldiv0
                0x20000ddc                __aeabi_idiv0
 .text.__stub   0x20000de0       0x70 linker stubs
                0x20000e50                . = ALIGN (0x4)
 *(.rodata*)
                0x20000e50                . = ALIGN (0x4)
 *(.data*)
 .data.striped_spin_lock_num
                0x20000e50        0x1 CMakeFiles/led-with-for-delay.dir/home/philipp/Desktop/ITS_2020_BAC2_Microcntroller/02_Raspberry_Pi_Pico/pico-sdk/src/rp2_common/hardware_sync/sync.c.obj
 *fill*         0x20000e51        0x3 
 .data          0x20000e54       0x48 CMakeFiles/led-with-for-delay.dir/home/philipp/Desktop/ITS_2020_BAC2_Microcntroller/02_Raspberry_Pi_Pico/pico-sdk/src/rp2_common/hardware_irq/irq_handler_chain.S.obj
                0x20000e54                irq_handler_chain_slots
                0x20000e84                irq_handler_chain_first_slot
                0x20000e8e                irq_handler_chain_remove_tail
 .data.default_alarm_pool
                0x20000e9c       0x18 CMakeFiles/led-with-for-delay.dir/home/philipp/Desktop/ITS_2020_BAC2_Microcntroller/02_Raspberry_Pi_Pico/pico-sdk/src/common/pico_time/time.c.obj
 .data.default_alarm_pool_heap
                0x20000eb4       0x10 CMakeFiles/led-with-for-delay.dir/home/philipp/Desktop/ITS_2020_BAC2_Microcntroller/02_Raspberry_Pi_Pico/pico-sdk/src/common/pico_time/time.c.obj
 *fill*         0x20000ec4        0xc 
 .data.aeabi_bits_funcs
                0x20000ed0       0x10 CMakeFiles/led-with-for-delay.dir/home/philipp/Desktop/ITS_2020_BAC2_Microcntroller/02_Raspberry_Pi_Pico/pico-sdk/src/rp2_common/pico_bit_ops/bit_ops_aeabi.S.obj
                0x20000ed0                aeabi_bits_funcs
                0x20000ee0                aeabi_bits_funcs_end
 .data.aeabi_mem_funcs
                0x20000ee0       0x10 CMakeFiles/led-with-for-delay.dir/home/philipp/Desktop/ITS_2020_BAC2_Microcntroller/02_Raspberry_Pi_Pico/pico-sdk/src/rp2_common/pico_mem_ops/mem_ops_aeabi.S.obj
                0x20000ee0                aeabi_mem_funcs
                0x20000ef0                aeabi_mem_funcs_end
 .data.stdio_uart
                0x20000ef0       0x18 CMakeFiles/led-with-for-delay.dir/home/philipp/Desktop/ITS_2020_BAC2_Microcntroller/02_Raspberry_Pi_Pico/pico-sdk/src/rp2_common/pico_stdio_uart/stdio_uart.c.obj
                0x20000ef0                stdio_uart
 .data.stdio_usb
                0x20000f08       0x18 CMakeFiles/led-with-for-delay.dir/home/philipp/Desktop/ITS_2020_BAC2_Microcntroller/02_Raspberry_Pi_Pico/pico-sdk/src/rp2_common/pico_stdio_usb/stdio_usb.c.obj
                0x20000f08                stdio_usb
 .data.ep_dir_string
                0x20000f20        0x8 CMakeFiles/led-with-for-delay.dir/home/philipp/Desktop/ITS_2020_BAC2_Microcntroller/02_Raspberry_Pi_Pico/pico-sdk/lib/tinyusb/src/portable/raspberrypi/rp2040/rp2040_usb.c.obj
                0x20000f20                ep_dir_string
 .data._usbd_qdef
                0x20000f28       0x1c CMakeFiles/led-with-for-delay.dir/home/philipp/Desktop/ITS_2020_BAC2_Microcntroller/02_Raspberry_Pi_Pico/pico-sdk/lib/tinyusb/src/device/usbd.c.obj
                0x20000f28                _usbd_qdef
 .data._usbd_rhport
                0x20000f44        0x1 CMakeFiles/led-with-for-delay.dir/home/philipp/Desktop/ITS_2020_BAC2_Microcntroller/02_Raspberry_Pi_Pico/pico-sdk/lib/tinyusb/src/device/usbd.c.obj
                0x20000f48                . = ALIGN (0x4)
 *fill*         0x20000f45        0x3 
 *(.after_data.*)
                0x20000f48                . = ALIGN (0x4)
                0x20000f48                PROVIDE (__mutex_array_start = .)
 *(SORT_BY_NAME(.mutex_array.*))
 *(.mutex_array)
 .mutex_array   0x20000f48        0x8 CMakeFiles/led-with-for-delay.dir/home/philipp/Desktop/ITS_2020_BAC2_Microcntroller/02_Raspberry_Pi_Pico/pico-sdk/src/rp2_common/pico_stdio/stdio.c.obj
                0x20000f50                PROVIDE (__mutex_array_end = .)
                0x20000f50                . = ALIGN (0x4)
                0x20000f50                PROVIDE (__preinit_array_start = .)
 *(SORT_BY_NAME(.preinit_array.*))
 .preinit_array.00001
                0x20000f50        0x4 CMakeFiles/led-with-for-delay.dir/home/philipp/Desktop/ITS_2020_BAC2_Microcntroller/02_Raspberry_Pi_Pico/pico-sdk/src/rp2_common/pico_mem_ops/mem_ops_aeabi.S.obj
 .preinit_array.00010
                0x20000f54        0x4 CMakeFiles/led-with-for-delay.dir/home/philipp/Desktop/ITS_2020_BAC2_Microcntroller/02_Raspberry_Pi_Pico/pico-sdk/src/rp2_common/pico_bit_ops/bit_ops_aeabi.S.obj
 .preinit_array.00020
                0x20000f58        0x4 CMakeFiles/led-with-for-delay.dir/home/philipp/Desktop/ITS_2020_BAC2_Microcntroller/02_Raspberry_Pi_Pico/pico-sdk/src/rp2_common/pico_double/double_aeabi.S.obj
 .preinit_array.00020
                0x20000f5c        0x4 CMakeFiles/led-with-for-delay.dir/home/philipp/Desktop/ITS_2020_BAC2_Microcntroller/02_Raspberry_Pi_Pico/pico-sdk/src/rp2_common/pico_float/float_aeabi.S.obj
 *(.preinit_array)
                0x20000f60                PROVIDE (__preinit_array_end = .)
                0x20000f60                . = ALIGN (0x4)
                0x20000f60                PROVIDE (__init_array_start = .)
 *(SORT_BY_NAME(.init_array.*))
 *(.init_array)
 .init_array    0x20000f60        0x4 /usr/lib/gcc/arm-none-eabi/8.3.1/thumb/v6-m/nofp/crtbegin.o
 .init_array    0x20000f64        0x4 CMakeFiles/led-with-for-delay.dir/home/philipp/Desktop/ITS_2020_BAC2_Microcntroller/02_Raspberry_Pi_Pico/pico-sdk/src/rp2_common/pico_unique_id/unique_id.c.obj
                0x20000f68                PROVIDE (__init_array_end = .)
                0x20000f68                . = ALIGN (0x4)
                0x20000f68                PROVIDE (__fini_array_start = .)
 *(SORT_BY_NAME(.fini_array.*))
 *(.fini_array)
                0x20000f68                PROVIDE (__fini_array_end = .)
 *(.jcr)
                0x20000f68                . = ALIGN (0x4)
                0x20000f68                __data_end__ = .

.tm_clone_table
                0x20000f68        0x0 load address 0x10005f7c
 .tm_clone_table
                0x20000f68        0x0 /usr/lib/gcc/arm-none-eabi/8.3.1/thumb/v6-m/nofp/crtbegin.o
 .tm_clone_table
                0x20000f68        0x0 /usr/lib/gcc/arm-none-eabi/8.3.1/thumb/v6-m/nofp/crtend.o

.igot.plt       0x20000f68        0x0 load address 0x10005f7c
 .igot.plt      0x20000f68        0x0 /usr/lib/gcc/arm-none-eabi/8.3.1/thumb/v6-m/nofp/crtbegin.o

.uninitialized_data
                0x20000f68        0x0 load address 0x10005f7c
                0x20000f68                . = ALIGN (0x4)
 *(.uninitialized_data*)

.scratch_x      0x20040000        0x0 load address 0x10005f7c
                0x20040000                __scratch_x_start__ = .
 *(.scratch_x.*)
                0x20040000                . = ALIGN (0x4)
                0x20040000                __scratch_x_end__ = .
                0x10005f7c                __scratch_x_source__ = LOADADDR (.scratch_x)

.scratch_y      0x20041000        0x0 load address 0x10005f7c
                0x20041000                __scratch_y_start__ = .
 *(.scratch_y.*)
                0x20041000                . = ALIGN (0x4)
                0x20041000                __scratch_y_end__ = .
                0x10005f7c                __scratch_y_source__ = LOADADDR (.scratch_y)

.bss            0x20000f68      0xd98
                0x20000f68                . = ALIGN (0x4)
                0x20000f68                __bss_start__ = .
 *(SORT_BY_ALIGNMENT(SORT_BY_NAME(.bss*)))
 .bss.default_alarm_pool_entries
                0x20000f68      0x100 CMakeFiles/led-with-for-delay.dir/home/philipp/Desktop/ITS_2020_BAC2_Microcntroller/02_Raspberry_Pi_Pico/pico-sdk/src/common/pico_time/time.c.obj
 .bss.last_avail_time.7680
                0x20001068        0x8 CMakeFiles/led-with-for-delay.dir/home/philipp/Desktop/ITS_2020_BAC2_Microcntroller/02_Raspberry_Pi_Pico/pico-sdk/src/rp2_common/pico_stdio_usb/stdio_usb.c.obj
 .bss           0x20001070       0x1c /usr/lib/gcc/arm-none-eabi/8.3.1/thumb/v6-m/nofp/crtbegin.o
 .bss._app_driver
                0x2000108c        0x4 CMakeFiles/led-with-for-delay.dir/home/philipp/Desktop/ITS_2020_BAC2_Microcntroller/02_Raspberry_Pi_Pico/pico-sdk/lib/tinyusb/src/device/usbd.c.obj
 .bss._cdcd_itf
                0x20001090      0x2c8 CMakeFiles/led-with-for-delay.dir/home/philipp/Desktop/ITS_2020_BAC2_Microcntroller/02_Raspberry_Pi_Pico/pico-sdk/lib/tinyusb/src/class/cdc/cdc_device.c.obj
 .bss._ctrl_xfer
                0x20001358       0x14 CMakeFiles/led-with-for-delay.dir/home/philipp/Desktop/ITS_2020_BAC2_Microcntroller/02_Raspberry_Pi_Pico/pico-sdk/lib/tinyusb/src/device/usbd_control.c.obj
 .bss._ubsd_mutexdef
                0x2000136c        0x8 CMakeFiles/led-with-for-delay.dir/home/philipp/Desktop/ITS_2020_BAC2_Microcntroller/02_Raspberry_Pi_Pico/pico-sdk/lib/tinyusb/src/device/usbd.c.obj
 .bss._usbd_ctrl_buf
                0x20001374       0x40 CMakeFiles/led-with-for-delay.dir/home/philipp/Desktop/ITS_2020_BAC2_Microcntroller/02_Raspberry_Pi_Pico/pico-sdk/lib/tinyusb/src/device/usbd_control.c.obj
 .bss._usbd_dev
                0x200013b4       0x53 CMakeFiles/led-with-for-delay.dir/home/philipp/Desktop/ITS_2020_BAC2_Microcntroller/02_Raspberry_Pi_Pico/pico-sdk/lib/tinyusb/src/device/usbd.c.obj
 *fill*         0x20001407        0x1 
 .bss._usbd_mutex
                0x20001408        0x4 CMakeFiles/led-with-for-delay.dir/home/philipp/Desktop/ITS_2020_BAC2_Microcntroller/02_Raspberry_Pi_Pico/pico-sdk/lib/tinyusb/src/device/usbd.c.obj
 .bss._usbd_q   0x2000140c        0x4 CMakeFiles/led-with-for-delay.dir/home/philipp/Desktop/ITS_2020_BAC2_Microcntroller/02_Raspberry_Pi_Pico/pico-sdk/lib/tinyusb/src/device/usbd.c.obj
 .bss.alarm_callbacks
                0x20001410       0x10 CMakeFiles/led-with-for-delay.dir/home/philipp/Desktop/ITS_2020_BAC2_Microcntroller/02_Raspberry_Pi_Pico/pico-sdk/src/rp2_common/hardware_timer/timer.c.obj
 .bss.boot2_copyout
                0x20001420      0x100 CMakeFiles/led-with-for-delay.dir/home/philipp/Desktop/ITS_2020_BAC2_Microcntroller/02_Raspberry_Pi_Pico/pico-sdk/src/rp2_common/hardware_flash/flash.c.obj
 .bss.chars_available_callback
                0x20001520        0x4 CMakeFiles/led-with-for-delay.dir/home/philipp/Desktop/ITS_2020_BAC2_Microcntroller/02_Raspberry_Pi_Pico/pico-sdk/src/rp2_common/pico_stdio_uart/stdio_uart.c.obj
 .bss.chars_available_callback
                0x20001524        0x4 CMakeFiles/led-with-for-delay.dir/home/philipp/Desktop/ITS_2020_BAC2_Microcntroller/02_Raspberry_Pi_Pico/pico-sdk/src/rp2_common/pico_stdio_usb/stdio_usb.c.obj
 .bss.chars_available_param
                0x20001528        0x4 CMakeFiles/led-with-for-delay.dir/home/philipp/Desktop/ITS_2020_BAC2_Microcntroller/02_Raspberry_Pi_Pico/pico-sdk/src/rp2_common/pico_stdio_uart/stdio_uart.c.obj
 .bss.chars_available_param
                0x2000152c        0x4 CMakeFiles/led-with-for-delay.dir/home/philipp/Desktop/ITS_2020_BAC2_Microcntroller/02_Raspberry_Pi_Pico/pico-sdk/src/rp2_common/pico_stdio_usb/stdio_usb.c.obj
 .bss.claimed   0x20001530        0x4 CMakeFiles/led-with-for-delay.dir/home/philipp/Desktop/ITS_2020_BAC2_Microcntroller/02_Raspberry_Pi_Pico/pico-sdk/src/rp2_common/hardware_sync/sync.c.obj
 .bss.configured_freq
                0x20001534       0x28 CMakeFiles/led-with-for-delay.dir/home/philipp/Desktop/ITS_2020_BAC2_Microcntroller/02_Raspberry_Pi_Pico/pico-sdk/src/rp2_common/hardware_clocks/clocks.c.obj
 .bss.default_alarm_pool_entry_ids_high
                0x2000155c       0x10 CMakeFiles/led-with-for-delay.dir/home/philipp/Desktop/ITS_2020_BAC2_Microcntroller/02_Raspberry_Pi_Pico/pico-sdk/src/common/pico_time/time.c.obj
 .bss.default_alarm_pool_heap_nodes
                0x2000156c       0x30 CMakeFiles/led-with-for-delay.dir/home/philipp/Desktop/ITS_2020_BAC2_Microcntroller/02_Raspberry_Pi_Pico/pico-sdk/src/common/pico_time/time.c.obj
 .bss.desc_str.7472
                0x2000159c       0x28 CMakeFiles/led-with-for-delay.dir/home/philipp/Desktop/ITS_2020_BAC2_Microcntroller/02_Raspberry_Pi_Pico/pico-sdk/src/rp2_common/pico_stdio_usb/stdio_usb_descriptors.c.obj
 .bss.drivers   0x200015c4        0x4 CMakeFiles/led-with-for-delay.dir/home/philipp/Desktop/ITS_2020_BAC2_Microcntroller/02_Raspberry_Pi_Pico/pico-sdk/src/rp2_common/pico_stdio/stdio.c.obj
 .bss.e15_last_sof
                0x200015c8        0x4 CMakeFiles/led-with-for-delay.dir/home/philipp/Desktop/ITS_2020_BAC2_Microcntroller/02_Raspberry_Pi_Pico/pico-sdk/lib/tinyusb/src/portable/raspberrypi/rp2040/rp2040_usb.c.obj
                0x200015c8                e15_last_sof
 .bss.filter    0x200015cc        0x4 CMakeFiles/led-with-for-delay.dir/home/philipp/Desktop/ITS_2020_BAC2_Microcntroller/02_Raspberry_Pi_Pico/pico-sdk/src/rp2_common/pico_stdio/stdio.c.obj
 .bss.hw_endpoints
                0x200015d0      0x400 CMakeFiles/led-with-for-delay.dir/home/philipp/Desktop/ITS_2020_BAC2_Microcntroller/02_Raspberry_Pi_Pico/pico-sdk/lib/tinyusb/src/portable/raspberrypi/rp2040/dcd_rp2040.c.obj
 .bss.lazy_vsnprintf
                0x200019d0        0x4 CMakeFiles/led-with-for-delay.dir/home/philipp/Desktop/ITS_2020_BAC2_Microcntroller/02_Raspberry_Pi_Pico/pico-sdk/src/rp2_common/pico_printf/printf.c.obj
 .bss.load_value
                0x200019d4        0x4 CMakeFiles/led-with-for-delay.dir/home/philipp/Desktop/ITS_2020_BAC2_Microcntroller/02_Raspberry_Pi_Pico/pico-sdk/src/rp2_common/hardware_watchdog/watchdog.c.obj
 .bss.next_buffer_ptr
                0x200019d8        0x4 CMakeFiles/led-with-for-delay.dir/home/philipp/Desktop/ITS_2020_BAC2_Microcntroller/02_Raspberry_Pi_Pico/pico-sdk/lib/tinyusb/src/portable/raspberrypi/rp2040/dcd_rp2040.c.obj
 .bss.one_shot_timer_crit_sec
                0x200019dc        0x8 CMakeFiles/led-with-for-delay.dir/home/philipp/Desktop/ITS_2020_BAC2_Microcntroller/02_Raspberry_Pi_Pico/pico-sdk/src/rp2_common/pico_stdio_usb/stdio_usb.c.obj
 .bss.pools     0x200019e4       0x10 CMakeFiles/led-with-for-delay.dir/home/philipp/Desktop/ITS_2020_BAC2_Microcntroller/02_Raspberry_Pi_Pico/pico-sdk/src/common/pico_time/time.c.obj
 .bss.retrieved_id
                0x200019f4        0x8 CMakeFiles/led-with-for-delay.dir/home/philipp/Desktop/ITS_2020_BAC2_Microcntroller/02_Raspberry_Pi_Pico/pico-sdk/src/rp2_common/pico_unique_id/unique_id.c.obj
 .bss.sf_clz_func
                0x200019fc        0x4 CMakeFiles/led-with-for-delay.dir/home/philipp/Desktop/ITS_2020_BAC2_Microcntroller/02_Raspberry_Pi_Pico/pico-sdk/src/rp2_common/pico_double/double_init_rom.c.obj
                0x200019fc                sf_clz_func
 .bss.sleep_notifier
                0x20001a00        0x4 CMakeFiles/led-with-for-delay.dir/home/philipp/Desktop/ITS_2020_BAC2_Microcntroller/02_Raspberry_Pi_Pico/pico-sdk/src/common/pico_time/time.c.obj
 .bss.stdio_usb_mutex
                0x20001a04        0x8 CMakeFiles/led-with-for-delay.dir/home/philipp/Desktop/ITS_2020_BAC2_Microcntroller/02_Raspberry_Pi_Pico/pico-sdk/src/rp2_common/pico_stdio_usb/stdio_usb.c.obj
 .bss.target_hi
                0x20001a0c       0x10 CMakeFiles/led-with-for-delay.dir/home/philipp/Desktop/ITS_2020_BAC2_Microcntroller/02_Raspberry_Pi_Pico/pico-sdk/src/rp2_common/hardware_timer/timer.c.obj
 .bss.uart_instance
                0x20001a1c        0x4 CMakeFiles/led-with-for-delay.dir/home/philipp/Desktop/ITS_2020_BAC2_Microcntroller/02_Raspberry_Pi_Pico/pico-sdk/src/rp2_common/pico_stdio_uart/stdio_uart.c.obj
 .bss.usbd_serial_str
                0x20001a20       0x11 CMakeFiles/led-with-for-delay.dir/home/philipp/Desktop/ITS_2020_BAC2_Microcntroller/02_Raspberry_Pi_Pico/pico-sdk/src/rp2_common/pico_stdio_usb/stdio_usb_descriptors.c.obj
 .bss._app_driver_count
                0x20001a31        0x1 CMakeFiles/led-with-for-delay.dir/home/philipp/Desktop/ITS_2020_BAC2_Microcntroller/02_Raspberry_Pi_Pico/pico-sdk/lib/tinyusb/src/device/usbd.c.obj
 .bss._sof_enable
                0x20001a32        0x1 CMakeFiles/led-with-for-delay.dir/home/philipp/Desktop/ITS_2020_BAC2_Microcntroller/02_Raspberry_Pi_Pico/pico-sdk/lib/tinyusb/src/portable/raspberrypi/rp2040/dcd_rp2040.c.obj
 .bss.boot2_copyout_valid
                0x20001a33        0x1 CMakeFiles/led-with-for-delay.dir/home/philipp/Desktop/ITS_2020_BAC2_Microcntroller/02_Raspberry_Pi_Pico/pico-sdk/src/rp2_common/hardware_flash/flash.c.obj
 .bss.claimed   0x20001a34        0x1 CMakeFiles/led-with-for-delay.dir/home/philipp/Desktop/ITS_2020_BAC2_Microcntroller/02_Raspberry_Pi_Pico/pico-sdk/src/rp2_common/hardware_timer/timer.c.obj
 .bss.irq_hander_chain_free_slot_head
                0x20001a35        0x1 CMakeFiles/led-with-for-delay.dir/home/philipp/Desktop/ITS_2020_BAC2_Microcntroller/02_Raspberry_Pi_Pico/pico-sdk/src/rp2_common/hardware_irq/irq.c.obj
 .bss.itf_num   0x20001a36        0x1 CMakeFiles/led-with-for-delay.dir/home/philipp/Desktop/ITS_2020_BAC2_Microcntroller/02_Raspberry_Pi_Pico/pico-sdk/src/rp2_common/pico_stdio_usb/reset_interface.c.obj
 .bss.low_priority_irq_num
                0x20001a37        0x1 CMakeFiles/led-with-for-delay.dir/home/philipp/Desktop/ITS_2020_BAC2_Microcntroller/02_Raspberry_Pi_Pico/pico-sdk/src/rp2_common/pico_stdio_usb/stdio_usb.c.obj
 .bss.one_shot_timer_pending
                0x20001a38        0x1 CMakeFiles/led-with-for-delay.dir/home/philipp/Desktop/ITS_2020_BAC2_Microcntroller/02_Raspberry_Pi_Pico/pico-sdk/src/rp2_common/pico_stdio_usb/stdio_usb.c.obj
 .bss.timer_callbacks_pending
                0x20001a39        0x1 CMakeFiles/led-with-for-delay.dir/home/philipp/Desktop/ITS_2020_BAC2_Microcntroller/02_Raspberry_Pi_Pico/pico-sdk/src/rp2_common/hardware_timer/timer.c.obj
 .bss.user_irq_claimed
                0x20001a3a        0x1 CMakeFiles/led-with-for-delay.dir/home/philipp/Desktop/ITS_2020_BAC2_Microcntroller/02_Raspberry_Pi_Pico/pico-sdk/src/rp2_common/hardware_irq/irq.c.obj
 *(COMMON)
 *fill*         0x20001a3b        0x1 
 COMMON         0x20001a3c        0x4 CMakeFiles/led-with-for-delay.dir/home/philipp/Desktop/ITS_2020_BAC2_Microcntroller/02_Raspberry_Pi_Pico/pico-sdk/src/rp2_common/hardware_uart/uart.c.obj
                0x20001a3c                uart_char_to_line_feed
 COMMON         0x20001a40      0x100 CMakeFiles/led-with-for-delay.dir/home/philipp/Desktop/ITS_2020_BAC2_Microcntroller/02_Raspberry_Pi_Pico/pico-sdk/src/rp2_common/pico_double/double_init_rom.c.obj
                0x20001a40                sd_table
 COMMON         0x20001b40      0x100 CMakeFiles/led-with-for-delay.dir/home/philipp/Desktop/ITS_2020_BAC2_Microcntroller/02_Raspberry_Pi_Pico/pico-sdk/src/rp2_common/pico_float/float_init_rom.c.obj
                0x20001b40                sf_table
 COMMON         0x20001c40       0xc0 CMakeFiles/led-with-for-delay.dir/home/philipp/Desktop/ITS_2020_BAC2_Microcntroller/02_Raspberry_Pi_Pico/pico-sdk/lib/tinyusb/src/device/usbd.c.obj
                0x20001c40                _usbd_qdef_buf
                0x20001d00                . = ALIGN (0x4)
                0x20001d00                __bss_end__ = .

.heap           0x20001d00      0x800
                0x20001d00                __end__ = .
                0x20001d00                end = __end__
 *(.heap*)
 .heap          0x20001d00      0x800 CMakeFiles/led-with-for-delay.dir/home/philipp/Desktop/ITS_2020_BAC2_Microcntroller/02_Raspberry_Pi_Pico/pico-sdk/src/rp2_common/pico_standard_link/crt0.S.obj
                0x20002500                __HeapLimit = .

.stack1_dummy   0x20040000        0x0
 *(.stack1*)

.stack_dummy    0x20041000      0x800
 *(.stack*)
 .stack         0x20041000      0x800 CMakeFiles/led-with-for-delay.dir/home/philipp/Desktop/ITS_2020_BAC2_Microcntroller/02_Raspberry_Pi_Pico/pico-sdk/src/rp2_common/pico_standard_link/crt0.S.obj

.flash_end      0x10005f7c        0x0
                0x10005f7c                __flash_binary_end = .
                0x20040000                __StackLimit = (ORIGIN (RAM) + LENGTH (RAM))
                0x20041000                __StackOneTop = (ORIGIN (SCRATCH_X) + LENGTH (SCRATCH_X))
                0x20042000                __StackTop = (ORIGIN (SCRATCH_Y) + LENGTH (SCRATCH_Y))
                0x20041000                __StackOneBottom = (__StackOneTop - SIZEOF (.stack1_dummy))
                0x20041800                __StackBottom = (__StackTop - SIZEOF (.stack_dummy))
                0x20042000                PROVIDE (__stack = __StackTop)
                0x00000001                ASSERT ((__StackLimit >= __HeapLimit), region RAM overflowed)
                0x00000001                ASSERT (((__binary_info_header_end - __logical_binary_start) <= 0x100), Binary info must be in first 256 bytes of the binary)
LOAD CMakeFiles/led-with-for-delay.dir/led-with-for-delay.c.obj
LOAD CMakeFiles/led-with-for-delay.dir/home/philipp/Desktop/ITS_2020_BAC2_Microcntroller/02_Raspberry_Pi_Pico/pico-sdk/src/rp2_common/pico_stdlib/stdlib.c.obj
LOAD CMakeFiles/led-with-for-delay.dir/home/philipp/Desktop/ITS_2020_BAC2_Microcntroller/02_Raspberry_Pi_Pico/pico-sdk/src/rp2_common/hardware_gpio/gpio.c.obj
LOAD CMakeFiles/led-with-for-delay.dir/home/philipp/Desktop/ITS_2020_BAC2_Microcntroller/02_Raspberry_Pi_Pico/pico-sdk/src/rp2_common/pico_platform/platform.c.obj
LOAD CMakeFiles/led-with-for-delay.dir/home/philipp/Desktop/ITS_2020_BAC2_Microcntroller/02_Raspberry_Pi_Pico/pico-sdk/src/rp2_common/hardware_claim/claim.c.obj
LOAD CMakeFiles/led-with-for-delay.dir/home/philipp/Desktop/ITS_2020_BAC2_Microcntroller/02_Raspberry_Pi_Pico/pico-sdk/src/rp2_common/hardware_sync/sync.c.obj
LOAD CMakeFiles/led-with-for-delay.dir/home/philipp/Desktop/ITS_2020_BAC2_Microcntroller/02_Raspberry_Pi_Pico/pico-sdk/src/rp2_common/hardware_irq/irq.c.obj
LOAD CMakeFiles/led-with-for-delay.dir/home/philipp/Desktop/ITS_2020_BAC2_Microcntroller/02_Raspberry_Pi_Pico/pico-sdk/src/rp2_common/hardware_irq/irq_handler_chain.S.obj
LOAD CMakeFiles/led-with-for-delay.dir/home/philipp/Desktop/ITS_2020_BAC2_Microcntroller/02_Raspberry_Pi_Pico/pico-sdk/src/common/pico_sync/sem.c.obj
LOAD CMakeFiles/led-with-for-delay.dir/home/philipp/Desktop/ITS_2020_BAC2_Microcntroller/02_Raspberry_Pi_Pico/pico-sdk/src/common/pico_sync/lock_core.c.obj
LOAD CMakeFiles/led-with-for-delay.dir/home/philipp/Desktop/ITS_2020_BAC2_Microcntroller/02_Raspberry_Pi_Pico/pico-sdk/src/common/pico_sync/mutex.c.obj
LOAD CMakeFiles/led-with-for-delay.dir/home/philipp/Desktop/ITS_2020_BAC2_Microcntroller/02_Raspberry_Pi_Pico/pico-sdk/src/common/pico_sync/critical_section.c.obj
LOAD CMakeFiles/led-with-for-delay.dir/home/philipp/Desktop/ITS_2020_BAC2_Microcntroller/02_Raspberry_Pi_Pico/pico-sdk/src/common/pico_time/time.c.obj
LOAD CMakeFiles/led-with-for-delay.dir/home/philipp/Desktop/ITS_2020_BAC2_Microcntroller/02_Raspberry_Pi_Pico/pico-sdk/src/common/pico_time/timeout_helper.c.obj
LOAD CMakeFiles/led-with-for-delay.dir/home/philipp/Desktop/ITS_2020_BAC2_Microcntroller/02_Raspberry_Pi_Pico/pico-sdk/src/rp2_common/hardware_timer/timer.c.obj
LOAD CMakeFiles/led-with-for-delay.dir/home/philipp/Desktop/ITS_2020_BAC2_Microcntroller/02_Raspberry_Pi_Pico/pico-sdk/src/common/pico_util/datetime.c.obj
LOAD CMakeFiles/led-with-for-delay.dir/home/philipp/Desktop/ITS_2020_BAC2_Microcntroller/02_Raspberry_Pi_Pico/pico-sdk/src/common/pico_util/pheap.c.obj
LOAD CMakeFiles/led-with-for-delay.dir/home/philipp/Desktop/ITS_2020_BAC2_Microcntroller/02_Raspberry_Pi_Pico/pico-sdk/src/common/pico_util/queue.c.obj
LOAD CMakeFiles/led-with-for-delay.dir/home/philipp/Desktop/ITS_2020_BAC2_Microcntroller/02_Raspberry_Pi_Pico/pico-sdk/src/rp2_common/hardware_uart/uart.c.obj
LOAD CMakeFiles/led-with-for-delay.dir/home/philipp/Desktop/ITS_2020_BAC2_Microcntroller/02_Raspberry_Pi_Pico/pico-sdk/src/rp2_common/hardware_clocks/clocks.c.obj
LOAD CMakeFiles/led-with-for-delay.dir/home/philipp/Desktop/ITS_2020_BAC2_Microcntroller/02_Raspberry_Pi_Pico/pico-sdk/src/rp2_common/hardware_pll/pll.c.obj
LOAD CMakeFiles/led-with-for-delay.dir/home/philipp/Desktop/ITS_2020_BAC2_Microcntroller/02_Raspberry_Pi_Pico/pico-sdk/src/rp2_common/hardware_vreg/vreg.c.obj
LOAD CMakeFiles/led-with-for-delay.dir/home/philipp/Desktop/ITS_2020_BAC2_Microcntroller/02_Raspberry_Pi_Pico/pico-sdk/src/rp2_common/hardware_watchdog/watchdog.c.obj
LOAD CMakeFiles/led-with-for-delay.dir/home/philipp/Desktop/ITS_2020_BAC2_Microcntroller/02_Raspberry_Pi_Pico/pico-sdk/src/rp2_common/hardware_xosc/xosc.c.obj
LOAD CMakeFiles/led-with-for-delay.dir/home/philipp/Desktop/ITS_2020_BAC2_Microcntroller/02_Raspberry_Pi_Pico/pico-sdk/src/rp2_common/hardware_divider/divider.S.obj
LOAD CMakeFiles/led-with-for-delay.dir/home/philipp/Desktop/ITS_2020_BAC2_Microcntroller/02_Raspberry_Pi_Pico/pico-sdk/src/rp2_common/pico_runtime/runtime.c.obj
LOAD CMakeFiles/led-with-for-delay.dir/home/philipp/Desktop/ITS_2020_BAC2_Microcntroller/02_Raspberry_Pi_Pico/pico-sdk/src/rp2_common/pico_printf/printf.c.obj
LOAD CMakeFiles/led-with-for-delay.dir/home/philipp/Desktop/ITS_2020_BAC2_Microcntroller/02_Raspberry_Pi_Pico/pico-sdk/src/rp2_common/pico_bit_ops/bit_ops_aeabi.S.obj
LOAD CMakeFiles/led-with-for-delay.dir/home/philipp/Desktop/ITS_2020_BAC2_Microcntroller/02_Raspberry_Pi_Pico/pico-sdk/src/rp2_common/pico_bootrom/bootrom.c.obj
LOAD CMakeFiles/led-with-for-delay.dir/home/philipp/Desktop/ITS_2020_BAC2_Microcntroller/02_Raspberry_Pi_Pico/pico-sdk/src/rp2_common/pico_divider/divider.S.obj
LOAD CMakeFiles/led-with-for-delay.dir/home/philipp/Desktop/ITS_2020_BAC2_Microcntroller/02_Raspberry_Pi_Pico/pico-sdk/src/rp2_common/pico_double/double_aeabi.S.obj
LOAD CMakeFiles/led-with-for-delay.dir/home/philipp/Desktop/ITS_2020_BAC2_Microcntroller/02_Raspberry_Pi_Pico/pico-sdk/src/rp2_common/pico_double/double_init_rom.c.obj
LOAD CMakeFiles/led-with-for-delay.dir/home/philipp/Desktop/ITS_2020_BAC2_Microcntroller/02_Raspberry_Pi_Pico/pico-sdk/src/rp2_common/pico_double/double_math.c.obj
LOAD CMakeFiles/led-with-for-delay.dir/home/philipp/Desktop/ITS_2020_BAC2_Microcntroller/02_Raspberry_Pi_Pico/pico-sdk/src/rp2_common/pico_double/double_v1_rom_shim.S.obj
LOAD CMakeFiles/led-with-for-delay.dir/home/philipp/Desktop/ITS_2020_BAC2_Microcntroller/02_Raspberry_Pi_Pico/pico-sdk/src/rp2_common/pico_int64_ops/pico_int64_ops_aeabi.S.obj
LOAD CMakeFiles/led-with-for-delay.dir/home/philipp/Desktop/ITS_2020_BAC2_Microcntroller/02_Raspberry_Pi_Pico/pico-sdk/src/rp2_common/pico_float/float_aeabi.S.obj
LOAD CMakeFiles/led-with-for-delay.dir/home/philipp/Desktop/ITS_2020_BAC2_Microcntroller/02_Raspberry_Pi_Pico/pico-sdk/src/rp2_common/pico_float/float_init_rom.c.obj
LOAD CMakeFiles/led-with-for-delay.dir/home/philipp/Desktop/ITS_2020_BAC2_Microcntroller/02_Raspberry_Pi_Pico/pico-sdk/src/rp2_common/pico_float/float_math.c.obj
LOAD CMakeFiles/led-with-for-delay.dir/home/philipp/Desktop/ITS_2020_BAC2_Microcntroller/02_Raspberry_Pi_Pico/pico-sdk/src/rp2_common/pico_float/float_v1_rom_shim.S.obj
LOAD CMakeFiles/led-with-for-delay.dir/home/philipp/Desktop/ITS_2020_BAC2_Microcntroller/02_Raspberry_Pi_Pico/pico-sdk/src/rp2_common/pico_malloc/pico_malloc.c.obj
LOAD CMakeFiles/led-with-for-delay.dir/home/philipp/Desktop/ITS_2020_BAC2_Microcntroller/02_Raspberry_Pi_Pico/pico-sdk/src/rp2_common/pico_mem_ops/mem_ops_aeabi.S.obj
LOAD CMakeFiles/led-with-for-delay.dir/home/philipp/Desktop/ITS_2020_BAC2_Microcntroller/02_Raspberry_Pi_Pico/pico-sdk/src/rp2_common/pico_standard_link/crt0.S.obj