13:44:42 **** Incremental Build of configuration Debug for project Cube-led-with-for-delay ****
make -j8 all 
arm-none-eabi-gcc "../Core/Src/hal/pin-hal.c" -mcpu=cortex-m4 -std=gnu11 -g3 -DDEBUG -DUSE_HAL_DRIVER -DSTM32F303x8 -c -I../Core/Inc -I../Drivers/STM32F3xx_HAL_Driver/Inc/Legacy -I../Drivers/STM32F3xx_HAL_Driver/Inc -I../Drivers/CMSIS/Device/ST/STM32F3xx/Include -I../Drivers/CMSIS/Include -O0 -ffunction-sections -fdata-sections -Wall -fstack-usage -fcyclomatic-complexity -MMD -MP -MF"Core/Src/hal/pin-hal.d" -MT"Core/Src/hal/pin-hal.o" --specs=nano.specs -mfpu=fpv4-sp-d16 -mfloat-abi=hard -mthumb -o "Core/Src/hal/pin-hal.o"
arm-none-eabi-gcc "../Core/Src/main.c" -mcpu=cortex-m4 -std=gnu11 -g3 -DDEBUG -DUSE_HAL_DRIVER -DSTM32F303x8 -c -I../Core/Inc -I../Drivers/STM32F3xx_HAL_Driver/Inc/Legacy -I../Drivers/STM32F3xx_HAL_Driver/Inc -I../Drivers/CMSIS/Device/ST/STM32F3xx/Include -I../Drivers/CMSIS/Include -O0 -ffunction-sections -fdata-sections -Wall -fstack-usage -fcyclomatic-complexity -MMD -MP -MF"Core/Src/main.d" -MT"Core/Src/main.o" --specs=nano.specs -mfpu=fpv4-sp-d16 -mfloat-abi=hard -mthumb -o "Core/Src/main.o"
../Core/Src/main.c: In function 'main':
../Core/Src/main.c:17:3: warning: implicit declaration of function 'setPin' [-Wimplicit-function-declaration]
   17 |   setPin(PIN);
      |   ^~~~~~
arm-none-eabi-gcc -o "Cube-led-with-for-delay.elf" @"objects.list"   -mcpu=cortex-m4 -T"C:\Users\phili\Desktop\ITS_2020_BAC2_Microcntroller\04_STM32F303_Nucleo-32\Cube-led-with-for-delay\STM32F303K8TX_FLASH.ld" --specs=nosys.specs -Wl,-Map="Cube-led-with-for-delay.map" -Wl,--gc-sections -static --specs=nano.specs -mfpu=fpv4-sp-d16 -mfloat-abi=hard -mthumb -Wl,--start-group -lc -lm -Wl,--end-group
Finished building target: Cube-led-with-for-delay.elf
 
arm-none-eabi-size   Cube-led-with-for-delay.elf 
arm-none-eabi-objdump -h -S  Cube-led-with-for-delay.elf  > "Cube-led-with-for-delay.list"
   text	   data	    bss	    dec	    hex	filename
   1056	     12	   1572	   2640	    a50	Cube-led-with-for-delay.elf
Finished building: default.size.stdout
 
Finished building: Cube-led-with-for-delay.list
 

13:44:42 Build Finished. 0 errors, 1 warnings. (took 792ms)

